Component: ARM Compiler 5.06 update 7 (build 960) Tool: armlink [4d3601]

==============================================================================

Section Cross References

    startup_stm32f10x_hd.o(RESET) refers to startup_stm32f10x_hd.o(STACK) for __initial_sp
    startup_stm32f10x_hd.o(RESET) refers to startup_stm32f10x_hd.o(.text) for Reset_Handler
    startup_stm32f10x_hd.o(RESET) refers to port.o(.emb_text) for SVC_Handler
    startup_stm32f10x_hd.o(RESET) refers to stm32f10x_it.o(.text) for SysTick_Handler
    startup_stm32f10x_hd.o(.text) refers to system_stm32f10x.o(.text) for SystemInit
    startup_stm32f10x_hd.o(.text) refers to entry.o(.ARM.Collect$$$$00000000) for __main
    system_stm32f10x.o(.text) refers to system_stm32f10x.o(.data) for SystemCoreClock
    stm32f10x_adc.o(.text) refers to stm32f10x_rcc.o(.text) for RCC_APB2PeriphResetCmd
    stm32f10x_bkp.o(.text) refers to stm32f10x_rcc.o(.text) for RCC_BackupResetCmd
    stm32f10x_can.o(.text) refers to stm32f10x_rcc.o(.text) for RCC_APB1PeriphResetCmd
    stm32f10x_cec.o(.text) refers to stm32f10x_rcc.o(.text) for RCC_APB1PeriphResetCmd
    stm32f10x_dac.o(.text) refers to stm32f10x_rcc.o(.text) for RCC_APB1PeriphResetCmd
    stm32f10x_gpio.o(.text) refers to stm32f10x_rcc.o(.text) for RCC_APB2PeriphResetCmd
    stm32f10x_i2c.o(.text) refers to stm32f10x_rcc.o(.text) for RCC_APB1PeriphResetCmd
    stm32f10x_pwr.o(.text) refers to stm32f10x_rcc.o(.text) for RCC_APB1PeriphResetCmd
    stm32f10x_rcc.o(.text) refers to stm32f10x_rcc.o(.data) for APBAHBPrescTable
    stm32f10x_spi.o(.text) refers to stm32f10x_rcc.o(.text) for RCC_APB2PeriphResetCmd
    stm32f10x_tim.o(.text) refers to stm32f10x_rcc.o(.text) for RCC_APB2PeriphResetCmd
    stm32f10x_usart.o(.text) refers to stm32f10x_rcc.o(.text) for RCC_APB2PeriphResetCmd
    stm32f10x_wwdg.o(.text) refers to stm32f10x_rcc.o(.text) for RCC_APB1PeriphResetCmd
    main.o(.text) refers to mb.o(.text) for eMBInit
    main.o(.text) refers to misc.o(.text) for NVIC_PriorityGroupConfig
    main.o(.text) refers to bsp_led.o(.text) for LED_GPIO_Config
    main.o(.text) refers to bsp_usart.o(.text) for USARTx_DMA_Config
    main.o(.text) refers to printf3.o(i.__0printf$3) for __2printf
    main.o(.text) refers to port.o(.text) for vPortEnterCritical
    main.o(.text) refers to queue.o(.text) for xQueueGenericCreate
    main.o(.text) refers to tasks.o(.text) for xTaskCreate
    main.o(.text) refers to user_mb_app.o(.bss) for usSRegHoldBuf
    main.o(.text) refers to main.o(.data) for BinarySem_Handle
    stm32f10x_it.o(.text) refers to tasks.o(.text) for xTaskGetSchedulerState
    stm32f10x_it.o(.text) refers to port.o(.text) for xPortSysTickHandler
    stm32f10x_it.o(.text) refers to stm32f10x_usart.o(.text) for USART_GetITStatus
    stm32f10x_it.o(.text) refers to stm32f10x_dma.o(.text) for DMA_GetCurrDataCounter
    stm32f10x_it.o(.text) refers to memseta.o(.text) for __aeabi_memclr
    stm32f10x_it.o(.text) refers to stm32f10x_tim.o(.text) for TIM_GetITStatus
    stm32f10x_it.o(.text) refers to stm32f10x_it.o(.data) for BASIC_TIM_num
    stm32f10x_it.o(.text) refers to porttimer.o(.data) for mbrec_timeout
    stm32f10x_it.o(.text) refers to portevent.o(.data) for xSlaveState
    stm32f10x_it.o(.text) refers to mbrtu.o(.data) for usRcvBufferlen
    stm32f10x_it.o(.text) refers to mbrtu.o(.bss) for ucRTUBuf
    bsp_led.o(.text) refers to stm32f10x_rcc.o(.text) for RCC_APB2PeriphClockCmd
    bsp_led.o(.text) refers to stm32f10x_gpio.o(.text) for GPIO_Init
    bsp_usart.o(.text) refers to misc.o(.text) for NVIC_PriorityGroupConfig
    bsp_usart.o(.text) refers to stm32f10x_rcc.o(.text) for RCC_APB2PeriphClockCmd
    bsp_usart.o(.text) refers to stm32f10x_gpio.o(.text) for GPIO_Init
    bsp_usart.o(.text) refers to stm32f10x_usart.o(.text) for USART_Init
    bsp_usart.o(.text) refers to stm32f10x_dma.o(.text) for DMA_Init
    bsp_usart.o(.text) refers to mbrtu.o(.bss) for ucRTUBuf
    bsp_key.o(.text) refers to stm32f10x_rcc.o(.text) for RCC_APB2PeriphClockCmd
    bsp_key.o(.text) refers to stm32f10x_gpio.o(.text) for GPIO_Init
    bsp_timbase.o(.text) refers to misc.o(.text) for NVIC_PriorityGroupConfig
    bsp_timbase.o(.text) refers to stm32f10x_rcc.o(.text) for RCC_APB1PeriphClockCmd
    bsp_timbase.o(.text) refers to stm32f10x_tim.o(.text) for TIM_TimeBaseInit
    event_groups.o(.text) refers to heap_4.o(.text) for pvPortMalloc
    event_groups.o(.text) refers to list.o(.text) for vListInitialise
    event_groups.o(.text) refers to printf3.o(i.__0printf$3) for __2printf
    event_groups.o(.text) refers to tasks.o(.text) for vTaskSuspendAll
    event_groups.o(.text) refers to port.o(.text) for vPortEnterCritical
    queue.o(.text) refers to printf3.o(i.__0printf$3) for __2printf
    queue.o(.text) refers to port.o(.text) for vPortEnterCritical
    queue.o(.text) refers to tasks.o(.text) for xTaskRemoveFromEventList
[...]

Image Symbol Table

    Local Symbols

    Symbol Name                              Value     Ov Type        Size  Object(Section)

    ../clib/../cmprslib/zerorunl2.c          0x00000000   Number         0  __dczerorl2.o ABSOLUTE
    ../clib/microlib/division.c              0x00000000   Number         0  uldiv.o ABSOLUTE
    ../clib/microlib/division.c              0x00000000   Number         0  uidiv.o ABSOLUTE
    ../clib/microlib/init/entry.s            0x00000000   Number         0  entry2.o ABSOLUTE
    ../clib/microlib/init/entry.s            0x00000000   Number         0  entry7b.o ABSOLUTE
    ../clib/microlib/init/entry.s            0x00000000   Number         0  entry8a.o ABSOLUTE
    ../clib/microlib/init/entry.s            0x00000000   Number         0  entry8b.o ABSOLUTE
    ../clib/microlib/init/entry.s            0x00000000   Number         0  entry.o ABSOLUTE
    ../clib/microlib/init/entry.s            0x00000000   Number         0  entry9a.o ABSOLUTE
    ../clib/microlib/init/entry.s            0x00000000   Number         0  entry9b.o ABSOLUTE
    ../clib/microlib/init/entry.s            0x00000000   Number         0  entry10b.o ABSOLUTE
    ../clib/microlib/init/entry.s            0x00000000   Number         0  entry11a.o ABSOLUTE
    ../clib/microlib/init/entry.s            0x00000000   Number         0  entry12b.o ABSOLUTE
    ../clib/microlib/init/entry.s            0x00000000   Number         0  entry11b.o ABSOLUTE
    ../clib/microlib/init/entry.s            0x00000000   Number         0  entry10a.o ABSOLUTE
    ../clib/microlib/init/entry.s            0x00000000   Number         0  entry12a.o ABSOLUTE
    ../clib/microlib/init/entry.s            0x00000000   Number         0  entry7a.o ABSOLUTE
    ../clib/microlib/init/entry.s            0x00000000   Number         0  entry5.o ABSOLUTE
    ../clib/microlib/longlong.c              0x00000000   Number         0  llshl.o ABSOLUTE
    ../clib/microlib/longlong.c              0x00000000   Number         0  llsshr.o ABSOLUTE
    ../clib/microlib/longlong.c              0x00000000   Number         0  llushr.o ABSOLUTE
    ../clib/microlib/printf/printf.c         0x00000000   Number         0  printf8.o ABSOLUTE
    ../clib/microlib/printf/printf.c         0x00000000   Number         0  printfb.o ABSOLUTE
    ../clib/microlib/printf/printf.c         0x00000000   Number         0  printf0.o ABSOLUTE
    ../clib/microlib/printf/printf.c         0x00000000   Number         0  printf7.o ABSOLUTE
    ../clib/microlib/printf/printf.c         0x00000000   Number         0  printf6.o ABSOLUTE
    ../clib/microlib/printf/printf.c         0x00000000   Number         0  printf5.o ABSOLUTE
    ../clib/microlib/printf/printf.c         0x00000000   Number         0  printf2.o ABSOLUTE
    ../clib/microlib/printf/printf.c         0x00000000   Number         0  printf4.o ABSOLUTE
    ../clib/microlib/printf/printf.c         0x00000000   Number         0  printf1.o ABSOLUTE
    ../clib/microlib/printf/printf.c         0x00000000   Number         0  printf3.o ABSOLUTE
    ../clib/microlib/printf/printf.c         0x00000000   Number         0  printfa.o ABSOLUTE
    ../clib/microlib/printf/stubs.s          0x00000000   Number         0  stubs.o ABSOLUTE
    ../clib/microlib/stdio/streams.c         0x00000000   Number         0  stdout.o ABSOLUTE
    ../clib/microlib/string/memcpy.c         0x00000000   Number         0  memcpya.o ABSOLUTE
    ../clib/microlib/string/memcpy.c         0x00000000   Number         0  memcpyb.o ABSOLUTE
    ../clib/microlib/string/memset.c         0x00000000   Number         0  memseta.o ABSOLUTE
    ../clib/microlib/stubs.s                 0x00000000   Number         0  iusefp.o ABSOLUTE
    ../fplib/microlib/fpadd.c                0x00000000   Number         0  dadd.o ABSOLUTE
    ../fplib/microlib/fpdiv.c                0x00000000   Number         0  ddiv.o ABSOLUTE
    ../fplib/microlib/fpepilogue.c           0x00000000   Number         0  depilogue.o ABSOLUTE
    ../fplib/microlib/fpfix.c                0x00000000   Number         0  dfixul.o ABSOLUTE
    ../fplib/microlib/fpmul.c                0x00000000   Number         0  dmul.o ABSOLUTE
    ..\..\FreeRTOS\port\MemMang\heap_4.c     0x00000000   Number         0  heap_4.o ABSOLUTE
    ..\..\FreeRTOS\port\RVDS\ARM_CM3\port.c  0x00000000   Number         0  port.o ABSOLUTE
    ..\..\FreeRTOS\src\croutine.c            0x00000000   Number         0  croutine.o ABSOLUTE
    ..\..\FreeRTOS\src\event_groups.c        0x00000000   Number         0  event_groups.o ABSOLUTE
    ..\..\FreeRTOS\src\list.c                0x00000000   Number         0  list.o ABSOLUTE
    ..\..\FreeRTOS\src\queue.c               0x00000000   Number         0  queue.o ABSOLUTE
    ..\..\FreeRTOS\src\tasks.c               0x00000000   Number         0  tasks.o ABSOLUTE
    ..\..\FreeRTOS\src\timers.c              0x00000000   Number         0  timers.o ABSOLUTE
    ..\..\Libraries\CMSIS\core_cm3.c         0x00000000   Number         0  core_cm3.o ABSOLUTE
    ..\..\Libraries\CMSIS\startup\startup_stm32f10x_hd.s 0x00000000   Number         0  startup_stm32f10x_hd.o ABSOLUTE
    ..\..\Libraries\CMSIS\system_stm32f10x.c 0x00000000   Number         0  system_stm32f10x.o ABSOLUTE
    ..\..\Libraries\FWlib\src\misc.c         0x00000000   Number         0  misc.o ABSOLUTE
    ..\..\Libraries\FWlib\src\stm32f10x_adc.c 0x00000000   Number         0  stm32f10x_adc.o ABSOLUTE
    ..\..\Libraries\FWlib\src\stm32f10x_bkp.c 0x00000000   Number         0  stm32f10x_bkp.o ABSOLUTE
    ..\..\Libraries\FWlib\src\stm32f10x_can.c 0x00000000   Number         0  stm32f10x_can.o ABSOLUTE
    ..\..\Libraries\FWlib\src\stm32f10x_cec.c 0x00000000   Number         0  stm32f10x_cec.o ABSOLUTE
    ..\..\Libraries\FWlib\src\stm32f10x_crc.c 0x00000000   Number         0  stm32f10x_crc.o ABSOLUTE
    ..\..\Libraries\FWlib\src\stm32f10x_dac.c 0x00000000   Number         0  stm32f10x_dac.o ABSOLUTE
    ..\..\Libraries\FWlib\src\stm32f10x_dbgmcu.c 0x00000000   Number         0  stm32f10x_dbgmcu.o ABSOLUTE
    ..\..\Libraries\FWlib\src\stm32f10x_dma.c 0x00000000   Number         0  stm32f10x_dma.o ABSOLUTE
    ..\..\Libraries\FWlib\src\stm32f10x_exti.c 0x00000000   Number         0  stm32f10x_exti.o ABSOLUTE
    ..\..\Libraries\FWlib\src\stm32f10x_flash.c 0x00000000   Number         0  stm32f10x_flash.o ABSOLUTE
    ..\..\Libraries\FWlib\src\stm32f10x_fsmc.c 0x00000000   Number         0  stm32f10x_fsmc.o ABSOLUTE
    ..\..\Libraries\FWlib\src\stm32f10x_gpio.c 0x00000000   Number         0  stm32f10x_gpio.o ABSOLUTE
    ..\..\Libraries\FWlib\src\stm32f10x_i2c.c 0x00000000   Number         0  stm32f10x_i2c.o ABSOLUTE
    ..\..\Libraries\FWlib\src\stm32f10x_iwdg.c 0x00000000   Number         0  stm32f10x_iwdg.o ABSOLUTE
    ..\..\Libraries\FWlib\src\stm32f10x_pwr.c 0x00000000   Number         0  stm32f10x_pwr.o ABSOLUTE
    ..\..\Libraries\FWlib\src\stm32f10x_rcc.c 0x00000000   Number         0  stm32f10x_rcc.o ABSOLUTE
    ..\..\Libraries\FWlib\src\stm32f10x_rtc.c 0x00000000   Number         0  stm32f10x_rtc.o ABSOLUTE
    ..\..\Libraries\FWlib\src\stm32f10x_sdio.c 0x00000000   Number         0  stm32f10x_sdio.o ABSOLUTE
    ..\..\Libraries\FWlib\src\stm32f10x_spi.c 0x00000000   Number         0  stm32f10x_spi.o ABSOLUTE
    ..\..\Libraries\FWlib\src\stm32f10x_tim.c 0x00000000   Number         0  stm32f10x_tim.o ABSOLUTE
    ..\..\Libraries\FWlib\src\stm32f10x_usart.c 0x00000000   Number         0  stm32f10x_usart.o ABSOLUTE
    ..\..\Libraries\FWlib\src\stm32f10x_wwdg.c 0x00000000   Number         0  stm32f10x_wwdg.o ABSOLUTE
    ..\..\User\Led\bsp_led.c                 0x00000000   Number         0  bsp_led.o ABSOLUTE
    ..\..\User\TimBase\bsp_TiMbase.c         0x00000000   Number         0  bsp_timbase.o ABSOLUTE
    ..\..\User\key\bsp_key.c                 0x00000000   Number         0  bsp_key.o ABSOLUTE
    ..\..\User\main.c                        0x00000000   Number         0  main.o ABSOLUTE
    ..\..\User\stm32f10x_it.c                0x00000000   Number         0  stm32f10x_it.o ABSOLUTE
    ..\..\User\uart\bsp_usart.c              0x00000000   Number         0  bsp_usart.o ABSOLUTE
    ..\..\freemodbus\modbus\functions\mbfunccoils.c 0x00000000   Number         0  mbfunccoils.o ABSOLUTE
    ..\..\freemodbus\modbus\functions\mbfuncdiag.c 0x00000000   Number         0  mbfuncdiag.o ABSOLUTE
    ..\..\freemodbus\modbus\functions\mbfuncdisc.c 0x00000000   Number         0  mbfuncdisc.o ABSOLUTE
    ..\..\freemodbus\modbus\functions\mbfuncholding.c 0x00000000   Number         0  mbfuncholding.o ABSOLUTE
    ..\..\freemodbus\modbus\functions\mbfuncinput.c 0x00000000   Number         0  mbfuncinput.o ABSOLUTE
    ..\..\freemodbus\modbus\functions\mbfuncother.c 0x00000000   Number         0  mbfuncother.o ABSOLUTE
    ..\..\freemodbus\modbus\functions\mbutils.c 0x00000000   Number         0  mbutils.o ABSOLUTE
    ..\..\freemodbus\modbus\mb.c             0x00000000   Number         0  mb.o ABSOLUTE
    ..\..\freemodbus\modbus\rtu\mbcrc.c      0x00000000   Number         0  mbcrc.o ABSOLUTE
    ..\..\freemodbus\modbus\rtu\mbrtu.c      0x00000000   Number         0  mbrtu.o ABSOLUTE
    ..\..\freemodbus\port\rtt\port.c         0x00000000   Number         0  port_1.o ABSOLUTE
    ..\..\freemodbus\port\rtt\portevent.c    0x00000000   Number         0  portevent.o ABSOLUTE
    ..\..\freemodbus\port\rtt\portserial.c   0x00000000   Number         0  portserial.o ABSOLUTE
    ..\..\freemodbus\port\rtt\porttimer.c    0x00000000   Number         0  porttimer.o ABSOLUTE
    ..\..\freemodbus\port\user_mb_app.c      0x00000000   Number         0  user_mb_app.o ABSOLUTE
    ..\\..\\FreeRTOS\\port\\RVDS\\ARM_CM3\\port.c 0x00000000   Number         0  port.o ABSOLUTE
    ..\\..\\Libraries\\CMSIS\\core_cm3.c     0x00000000   Number         0  core_cm3.o ABSOLUTE
    cdrcmple.s                               0x00000000   Number         0  cdrcmple.o ABSOLUTE
    dc.s                                     0x00000000   Number         0  dc.o ABSOLUTE
    handlers.s                               0x00000000   Number         0  handlers.o ABSOLUTE
    init.s                                   0x00000000   Number         0  init.o ABSOLUTE
    RESET                                    0x08000000   Section      304  startup_stm32f10x_hd.o(RESET)
    .ARM.Collect$$$$00000000                 0x08000130   Section        0  entry.o(.ARM.Collect$$$$00000000)
    .ARM.Collect$$$$00000001                 0x08000130   Section        4  entry2.o(.ARM.Collect$$$$00000001)
    .ARM.Collect$$$$00000004                 0x08000134   Section        4  entry5.o(.ARM.Collect$$$$00000004)
    .ARM.Collect$$$$00000008                 0x08000138   Section        0  entry7b.o(.ARM.Collect$$$$00000008)
    .ARM.Collect$$$$0000000A                 0x08000138   Section        0  entry8b.o(.ARM.Collect$$$$0000000A)
    .ARM.Collect$$$$0000000B                 0x08000138   Section        8  entry9a.o(.ARM.Collect$$$$0000000B)
    .ARM.Collect$$$$0000000E                 0x08000140   Section        4  entry12b.o(.ARM.Collect$$$$0000000E)
    .ARM.Collect$$$$0000000F                 0x08000144   Section        0  entry10a.o(.ARM.Collect$$$$0000000F)
    .ARM.Collect$$$$00000011                 0x08000144   Section        0  entry11a.o(.ARM.Collect$$$$00000011)
    .ARM.Collect$$$$00002712                 0x08000144   Section        4  entry2.o(.ARM.Collect$$$$00002712)
    __lit__00000000                          0x08000144   Data           4  entry2.o(.ARM.Collect$$$$00002712)
    .emb_text                                0x08000148   Section      150  port.o(.emb_text)
    .text                                    0x080001e0   Section       36  startup_stm32f10x_hd.o(.text)
    .text                                    0x08000204   Section        0  system_stm32f10x.o(.text)
    SetSysClockTo72                          0x08000205   Thumb Code   214  system_stm32f10x.o(.text)
    SetSysClock                              0x080002db   Thumb Code     8  system_stm32f10x.o(.text)
    .text                                    0x080003e4   Section        0  misc.o(.text)
    .text                                    0x080004c0   Section        0  stm32f10x_dma.o(.text)
    .text                                    0x08000714   Section        0  stm32f10x_gpio.o(.text)
    .text                                    0x08000a70   Section        0  stm32f10x_rcc.o(.text)
    .text                                    0x08000e14   Section        0  stm32f10x_tim.o(.text)
    TI4_Config                               0x080012bb   Thumb Code   130  stm32f10x_tim.o(.text)
    TI3_Config                               0x0800134f   Thumb Code   122  stm32f10x_tim.o(.text)
    TI2_Config                               0x080013e3   Thumb Code   130  stm32f10x_tim.o(.text)
    TI1_Config                               0x08001477   Thumb Code   108  stm32f10x_tim.o(.text)
    .text                                    0x08001c30   Section        0  stm32f10x_usart.o(.text)
    .text                                    0x08002038   Section        0  main.o(.text)
    Modbus_Task                              0x08002039   Thumb Code    64  main.o(.text)
    BSP_Init                                 0x08002079   Thumb Code    24  main.o(.text)
    AppTaskCreate                            0x080020a1   Thumb Code    82  main.o(.text)
    .text                                    0x0800217c   Section        0  stm32f10x_it.o(.text)
    .text                                    0x08002274   Section        0  bsp_led.o(.text)
    .text                                    0x080022d4   Section        0  bsp_usart.o(.text)
    NVIC_Configuration                       0x080022d5   Thumb Code    64  bsp_usart.o(.text)
    .text                                    0x080025c0   Section        0  bsp_timbase.o(.text)
    BASIC_TIM_NVIC_Config                    0x080025c1   Thumb Code    42  bsp_timbase.o(.text)
    BASIC_TIM_Mode_Config                    0x080025eb   Thumb Code    40  bsp_timbase.o(.text)
    .text                                    0x08002624   Section        0  list.o(.text)
    .text                                    0x080026b8   Section        0  queue.o(.text)
    prvInitialiseNewQueue                    0x08002741   Thumb Code    38  queue.o(.text)
    prvUnlockQueue                           0x080027b5   Thumb Code   126  queue.o(.text)
    prvIsQueueFull                           0x08002833   Thumb Code    30  queue.o(.text)
    prvCopyDataToQueue                       0x08002851   Thumb Code   106  queue.o(.text)
    prvIsQueueEmpty                          0x08002c11   Thumb Code    26  queue.o(.text)
    prvCopyDataFromQueue                     0x08002c2b   Thumb Code    42  queue.o(.text)
    .text                                    0x080030e4   Section        0  tasks.o(.text)
    prvInitialiseTaskLists                   0x080030e5   Thumb Code    70  tasks.o(.text)
    prvAddNewTaskToReadyList                 0x0800312b   Thumb Code   150  tasks.o(.text)
    prvInitialiseNewTask                     0x080031c1   Thumb Code   154  tasks.o(.text)
    prvResetNextTaskUnblockTime              0x080032bb   Thumb Code    42  tasks.o(.text)
    prvDeleteTCB                             0x080032e5   Thumb Code    18  tasks.o(.text)
    prvAddCurrentTaskToDelayedList           0x0800361f   Thumb Code   124  tasks.o(.text)
    prvTaskIsTaskSuspended                   0x08003ad1   Thumb Code    76  tasks.o(.text)
    prvCheckTasksWaitingTermination          0x08003c2f   Thumb Code    86  tasks.o(.text)
    prvIdleTask                              0x08003c85   Thumb Code    32  tasks.o(.text)
    .text                                    0x080044a8   Section        0  timers.o(.text)
    prvInsertTimerInActiveList               0x080044a9   Thumb Code    80  timers.o(.text)
    prvSwitchTimerLists                      0x0800456f   Thumb Code   140  timers.o(.text)
    prvSampleTimeNow                         0x080045fb   Thumb Code    40  timers.o(.text)
    prvProcessReceivedCommands               0x08004623   Thumb Code   254  timers.o(.text)
    prvProcessExpiredTimer                   0x08004721   Thumb Code    84  timers.o(.text)
    prvProcessTimerOrBlockTask               0x08004775   Thumb Code   102  timers.o(.text)
    prvGetNextExpireTime                     0x080047db   Thumb Code    36  timers.o(.text)
    prvTimerTask                             0x080047ff   Thumb Code    26  timers.o(.text)
    prvCheckForValidListAndQueue             0x08004819   Thumb Code    72  timers.o(.text)
    prvInitialiseNewTimer                    0x08004899   Thumb Code   170  timers.o(.text)
    .text                                    0x08004aec   Section        0  heap_4.o(.text)
    prvInsertBlockIntoFreeList               0x08004aed   Thumb Code    96  heap_4.o(.text)
    prvHeapInit                              0x08004b4d   Thumb Code    98  heap_4.o(.text)
    .text                                    0x08004d8c   Section        0  port.o(.text)
    prvTaskExitError                         0x08004d8d   Thumb Code    48  port.o(.text)
    .text                                    0x08004ff4   Section        0  mbfunccoils.o(.text)
    .text                                    0x080051a2   Section        0  mbfuncdisc.o(.text)
    .text                                    0x0800524e   Section        0  mbfuncholding.o(.text)
    .text                                    0x0800545e   Section        0  mbfuncinput.o(.text)
    .text                                    0x080054ec   Section        0  mbfuncother.o(.text)
    .text                                    0x08005580   Section        0  mbutils.o(.text)
    .text                                    0x0800562c   Section        0  mbcrc.o(.text)
    .text                                    0x08005664   Section        0  mbrtu.o(.text)
    .text                                    0x080057d8   Section        0  mb.o(.text)
    .text                                    0x08005ad0   Section        0  port_1.o(.text)
    .text                                    0x08005ad4   Section        0  portevent.o(.text)
    .text                                    0x08005b28   Section        0  portserial.o(.text)
    prvvUARTTxReadyISR                       0x08005b99   Thumb Code     2  portserial.o(.text)
    prvvUARTRxISR                            0x08005b9b   Thumb Code     2  portserial.o(.text)
    serial_soft_trans_irq                    0x08005b9d   Thumb Code     2  portserial.o(.text)
    .text                                    0x08005ba8   Section        0  porttimer.o(.text)
    .text                                    0x08005be4   Section        0  user_mb_app.o(.text)
    .text                                    0x08005f04   Section        0  memcpya.o(.text)
    .text                                    0x08005f28   Section        0  memseta.o(.text)
    .text                                    0x08005f4c   Section        0  uidiv.o(.text)
    .text                                    0x08005f78   Section       36  init.o(.text)
    .text                                    0x08005f9c   Section        0  __dczerorl2.o(.text)
    i.__0printf$3                            0x08005ff4   Section        0  printf3.o(i.__0printf$3)
    i.__scatterload_copy                     0x08006014   Section       14  handlers.o(i.__scatterload_copy)
    i.__scatterload_null                     0x08006022   Section        2  handlers.o(i.__scatterload_null)
    i.__scatterload_zeroinit                 0x08006024   Section       14  handlers.o(i.__scatterload_zeroinit)
    i._printf_core                           0x08006034   Section        0  printf3.o(i._printf_core)
    _printf_core                             0x08006035   Thumb Code   436  printf3.o(i._printf_core)
    .constdata                               0x080061ec   Section      512  mbcrc.o(.constdata)
    aucCRCHi                                 0x080061ec   Data         256  mbcrc.o(.constdata)
    aucCRCLo                                 0x080062ec   Data         256  mbcrc.o(.constdata)
    .data                                    0x20000000   Section       20  system_stm32f10x.o(.data)
    .data                                    0x20000014   Section       20  stm32f10x_rcc.o(.data)
    APBAHBPrescTable                         0x20000014   Data          16  stm32f10x_rcc.o(.data)
    ADCPrescTable                            0x20000024   Data           4  stm32f10x_rcc.o(.data)
    .data                                    0x20000028   Section       12  main.o(.data)
    AppTaskCreate_Handle                     0x20000028   Data           4  main.o(.data)
    Modbus_Task_Handle                       0x2000002c   Data           4  main.o(.data)
    .data                                    0x20000034   Section        9  stm32f10x_it.o(.data)
    .data                                    0x20000040   Section       60  tasks.o(.data)
    pxDelayedTaskList                        0x20000044   Data           4  tasks.o(.data)
    pxOverflowDelayedTaskList                0x20000048   Data           4  tasks.o(.data)
    uxDeletedTasksWaitingCleanUp             0x2000004c   Data           4  tasks.o(.data)
    uxCurrentNumberOfTasks                   0x20000050   Data           4  tasks.o(.data)
    xTickCount                               0x20000054   Data           4  tasks.o(.data)
    uxTopReadyPriority                       0x20000058   Data           4  tasks.o(.data)
    xSchedulerRunning                        0x2000005c   Data           4  tasks.o(.data)
    uxPendedTicks                            0x20000060   Data           4  tasks.o(.data)
    xYieldPending                            0x20000064   Data           4  tasks.o(.data)
    xNumOfOverflows                          0x20000068   Data           4  tasks.o(.data)
    uxTaskNumber                             0x2000006c   Data           4  tasks.o(.data)
    xNextTaskUnblockTime                     0x20000070   Data           4  tasks.o(.data)
    xIdleTaskHandle                          0x20000074   Data           4  tasks.o(.data)
    uxSchedulerSuspended                     0x20000078   Data           4  tasks.o(.data)
    .data                                    0x2000007c   Section       20  timers.o(.data)
    pxCurrentTimerList                       0x2000007c   Data           4  timers.o(.data)
    pxOverflowTimerList                      0x20000080   Data           4  timers.o(.data)
    xTimerQueue                              0x20000084   Data           4  timers.o(.data)
    xTimerTaskHandle                         0x20000088   Data           4  timers.o(.data)
    xLastTime                                0x2000008c   Data           4  timers.o(.data)
    .data                                    0x20000090   Section       24  heap_4.o(.data)
    xStart                                   0x20000090   Data           8  heap_4.o(.data)
    pxEnd                                    0x20000098   Data           4  heap_4.o(.data)
    xFreeBytesRemaining                      0x2000009c   Data           4  heap_4.o(.data)
    xMinimumEverFreeBytesRemaining           0x200000a0   Data           4  heap_4.o(.data)
    xBlockAllocatedBit                       0x200000a4   Data           4  heap_4.o(.data)
    .data                                    0x200000a8   Section       12  port.o(.data)
    uxCriticalNesting                        0x200000a8   Data           4  port.o(.data)
    ucMaxSysCallPriority                     0x200000ac   Data           1  port.o(.data)
    ulMaxPRIGROUPValue                       0x200000b0   Data           4  port.o(.data)
    .data                                    0x200000b4   Section        2  mbfuncother.o(.data)
    usMBSlaveIDLen                           0x200000b4   Data           2  mbfuncother.o(.data)
    .data                                    0x200000b8   Section       16  mbrtu.o(.data)
    eSndState                                0x200000b8   Data           1  mbrtu.o(.data)
    eRcvState                                0x200000b9   Data           1  mbrtu.o(.data)
    pucSndBufferCur                          0x200000bc   Data           4  mbrtu.o(.data)
    usSndBufferCount                         0x200000c0   Data           2  mbrtu.o(.data)
    usRcvBufferPos                           0x200000c2   Data           2  mbrtu.o(.data)
    usRaw_RcvPos                             0x200000c6   Data           2  mbrtu.o(.data)
    .data                                    0x200000c8   Section      181  mb.o(.data)
    ucMBAddress                              0x200000c8   Data           1  mb.o(.data)
    eMBCurrentMode                           0x200000c9   Data           1  mb.o(.data)
    eMBState                                 0x200000ca   Data           1  mb.o(.data)
    peMBFrameSendCur                         0x200000cc   Data           4  mb.o(.data)
    pvMBFrameStartCur                        0x200000d0   Data           4  mb.o(.data)
    pvMBFrameStopCur                         0x200000d4   Data           4  mb.o(.data)
    peMBFrameReceiveCur                      0x200000d8   Data           4  mb.o(.data)
    pvMBFrameCloseCur                        0x200000dc   Data           4  mb.o(.data)
    xFuncHandlers                            0x200000f4   Data         128  mb.o(.data)
    ucMBFrame                                0x20000174   Data           4  mb.o(.data)
    ucRcvAddress                             0x20000178   Data           1  mb.o(.data)
    ucFunctionCode                           0x20000179   Data           1  mb.o(.data)
    usLength                                 0x2000017a   Data           2  mb.o(.data)
    eException                               0x2000017c   Data           1  mb.o(.data)
    .data                                    0x20000180   Section        5  portevent.o(.data)
    .data                                    0x20000186   Section        4  porttimer.o(.data)
    .data                                    0x2000018a   Section       18  user_mb_app.o(.data)
    .data                                    0x2000019c   Section        4  stdout.o(.data)
    .bss                                     0x200001a0   Section       80  queue.o(.bss)
    .bss                                     0x200001f0   Section      740  tasks.o(.bss)
    pxReadyTasksLists                        0x200001f0   Data         640  tasks.o(.bss)
    xDelayedTaskList1                        0x20000470   Data          20  tasks.o(.bss)
    xDelayedTaskList2                        0x20000484   Data          20  tasks.o(.bss)
    xPendingReadyList                        0x20000498   Data          20  tasks.o(.bss)
    xTasksWaitingTermination                 0x200004ac   Data          20  tasks.o(.bss)
    xSuspendedTaskList                       0x200004c0   Data          20  tasks.o(.bss)
    .bss                                     0x200004d4   Section       40  timers.o(.bss)
    xActiveTimerList1                        0x200004d4   Data          20  timers.o(.bss)
    xActiveTimerList2                        0x200004e8   Data          20  timers.o(.bss)
    .bss                                     0x200004fc   Section    36864  heap_4.o(.bss)
    ucHeap                                   0x200004fc   Data       36864  heap_4.o(.bss)
    .bss                                     0x200094fc   Section       32  mbfuncother.o(.bss)
    ucMBSlaveID                              0x200094fc   Data          32  mbfuncother.o(.bss)
    .bss                                     0x2000951c   Section      256  mbrtu.o(.bss)
    .bss                                     0x2000961c   Section      400  user_mb_app.o(.bss)
    STACK                                    0x200097b0   Section     1024  startup_stm32f10x_hd.o(STACK)

    Global Symbols

    Symbol Name                              Value     Ov Type        Size  Object(Section)

    BuildAttributes$$THM_ISAv4$P$D$K$B$S$PE$A:L22UL41UL21$X:L11$S22US41US21$IEEE1$IW$USESV6$~STKCKD$USESV7$~SHL$OSPACE$ROPI$EBA8$MICROLIB$REQ8$PRES8$EABIv2 0x00000000   Number         0  anon$$obj.o ABSOLUTE
    __ARM_use_no_argv                        0x00000000   Number         0  main.o ABSOLUTE
    _printf_a                                0x00000000   Number         0  stubs.o ABSOLUTE
    _printf_c                                0x00000000   Number         0  stubs.o ABSOLUTE
    _printf_charcount                        0x00000000   Number         0  stubs.o ABSOLUTE
    _printf_d                                0x00000000   Number         0  stubs.o ABSOLUTE
    _printf_e                                0x00000000   Number         0  stubs.o ABSOLUTE
    _printf_f                                0x00000000   Number         0  stubs.o ABSOLUTE
    _printf_flags                            0x00000000   Number         0  stubs.o ABSOLUTE
    _printf_fp_dec                           0x00000000   Number         0  stubs.o ABSOLUTE
    _printf_fp_hex                           0x00000000   Number         0  stubs.o ABSOLUTE
    _printf_g                                0x00000000   Number         0  stubs.o ABSOLUTE
    _printf_i                                0x00000000   Number         0  stubs.o ABSOLUTE
    _printf_int_dec                          0x00000000   Number         0  stubs.o ABSOLUTE
    _printf_l                                0x00000000   Number         0  stubs.o ABSOLUTE
    _printf_lc                               0x00000000   Number         0  stubs.o ABSOLUTE
    _printf_ll                               0x00000000   Number         0  stubs.o ABSOLUTE
    _printf_lld                              0x00000000   Number         0  stubs.o ABSOLUTE
    _printf_lli                              0x00000000   Number         0  stubs.o ABSOLUTE
    _printf_llo                              0x00000000   Number         0  stubs.o ABSOLUTE
    _printf_llu                              0x00000000   Number         0  stubs.o ABSOLUTE
    _printf_llx                              0x00000000   Number         0  stubs.o ABSOLUTE
    _printf_longlong_dec                     0x00000000   Number         0  stubs.o ABSOLUTE
    _printf_longlong_hex                     0x00000000   Number         0  stubs.o ABSOLUTE
    _printf_longlong_oct                     0x00000000   Number         0  stubs.o ABSOLUTE
    _printf_ls                               0x00000000   Number         0  stubs.o ABSOLUTE
    _printf_mbtowc                           0x00000000   Number         0  stubs.o ABSOLUTE
    _printf_n                                0x00000000   Number         0  stubs.o ABSOLUTE
    _printf_o                                0x00000000   Number         0  stubs.o ABSOLUTE
    _printf_p                                0x00000000   Number         0  stubs.o ABSOLUTE
    _printf_percent                          0x00000000   Number         0  stubs.o ABSOLUTE
    _printf_pre_padding                      0x00000000   Number         0  stubs.o ABSOLUTE
    _printf_return_value                     0x00000000   Number         0  stubs.o ABSOLUTE
    _printf_s                                0x00000000   Number         0  stubs.o ABSOLUTE
    _printf_sizespec                         0x00000000   Number         0  stubs.o ABSOLUTE
    _printf_str                              0x00000000   Number         0  stubs.o ABSOLUTE
    _printf_truncate_signed                  0x00000000   Number         0  stubs.o ABSOLUTE
    _printf_truncate_unsigned                0x00000000   Number         0  stubs.o ABSOLUTE
    _printf_u                                0x00000000   Number         0  stubs.o ABSOLUTE
    _printf_wc                               0x00000000   Number         0  stubs.o ABSOLUTE
    _printf_wctomb                           0x00000000   Number         0  stubs.o ABSOLUTE
    _printf_widthprec                        0x00000000   Number         0  stubs.o ABSOLUTE
    _printf_x                                0x00000000   Number         0  stubs.o ABSOLUTE
    __arm_fini_                               - Undefined Weak Reference
    __cpp_initialize__aeabi_                  - Undefined Weak Reference
    __cxa_finalize                            - Undefined Weak Reference
    _clock_init                               - Undefined Weak Reference
    _microlib_exit                            - Undefined Weak Reference
    __Vectors_Size                           0x00000130   Number         0  startup_stm32f10x_hd.o ABSOLUTE
    __Vectors                                0x08000000   Data           4  startup_stm32f10x_hd.o(RESET)
    __Vectors_End                            0x08000130   Data           0  startup_stm32f10x_hd.o(RESET)
    __main                                   0x08000131   Thumb Code     0  entry.o(.ARM.Collect$$$$00000000)
    _main_stk                                0x08000131   Thumb Code     0  entry2.o(.ARM.Collect$$$$00000001)
    _main_scatterload                        0x08000135   Thumb Code     0  entry5.o(.ARM.Collect$$$$00000004)
    __main_after_scatterload                 0x08000139   Thumb Code     0  entry5.o(.ARM.Collect$$$$00000004)
    _main_clock                              0x08000139   Thumb Code     0  entry7b.o(.ARM.Collect$$$$00000008)
    _main_cpp_init                           0x08000139   Thumb Code     0  entry8b.o(.ARM.Collect$$$$0000000A)
    _main_init                               0x08000139   Thumb Code     0  entry9a.o(.ARM.Collect$$$$0000000B)
    __rt_lib_shutdown_fini                   0x08000141   Thumb Code     0  entry12b.o(.ARM.Collect$$$$0000000E)
    __rt_final_cpp                           0x08000145   Thumb Code     0  entry10a.o(.ARM.Collect$$$$0000000F)
    __rt_final_exit                          0x08000145   Thumb Code     0  entry11a.o(.ARM.Collect$$$$00000011)
    SVC_Handler                              0x08000149   Thumb Code    32  port.o(.emb_text)
    __asm___6_port_c_39a90d8d__prvStartFirstTask 0x0800016d   Thumb Code    28  port.o(.emb_text)
    PendSV_Handler                           0x0800018d   Thumb Code    72  port.o(.emb_text)
    vPortGetIPSR                             0x080001d9   Thumb Code     6  port.o(.emb_text)
    Reset_Handler                            0x080001e1   Thumb Code     8  startup_stm32f10x_hd.o(.text)
    NMI_Handler                              0x080001e9   Thumb Code     2  startup_stm32f10x_hd.o(.text)
    HardFault_Handler                        0x080001eb   Thumb Code     2  startup_stm32f10x_hd.o(.text)
    MemManage_Handler                        0x080001ed   Thumb Code     2  startup_stm32f10x_hd.o(.text)
    BusFault_Handler                         0x080001ef   Thumb Code     2  startup_stm32f10x_hd.o(.text)
    UsageFault_Handler                       0x080001f1   Thumb Code     2  startup_stm32f10x_hd.o(.text)
    DebugMon_Handler                         0x080001f5   Thumb Code     2  startup_stm32f10x_hd.o(.text)
    ADC1_2_IRQHandler                        0x080001fb   Thumb Code     0  startup_stm32f10x_hd.o(.text)
    ADC3_IRQHandler                          0x080001fb   Thumb Code     0  startup_stm32f10x_hd.o(.text)
    CAN1_RX1_IRQHandler                      0x080001fb   Thumb Code     0  startup_stm32f10x_hd.o(.text)
    CAN1_SCE_IRQHandler                      0x080001fb   Thumb Code     0  startup_stm32f10x_hd.o(.text)
    DMA1_Channel1_IRQHandler                 0x080001fb   Thumb Code     0  startup_stm32f10x_hd.o(.text)
    DMA1_Channel2_IRQHandler                 0x080001fb   Thumb Code     0  startup_stm32f10x_hd.o(.text)
    DMA1_Channel3_IRQHandler                 0x080001fb   Thumb Code     0  startup_stm32f10x_hd.o(.text)
    DMA1_Channel5_IRQHandler                 0x080001fb   Thumb Code     0  startup_stm32f10x_hd.o(.text)
    DMA1_Channel6_IRQHandler                 0x080001fb   Thumb Code     0  startup_stm32f10x_hd.o(.text)
    DMA1_Channel7_IRQHandler                 0x080001fb   Thumb Code     0  startup_stm32f10x_hd.o(.text)
    DMA2_Channel1_IRQHandler                 0x080001fb   Thumb Code     0  startup_stm32f10x_hd.o(.text)
    DMA2_Channel2_IRQHandler                 0x080001fb   Thumb Code     0  startup_stm32f10x_hd.o(.text)
    DMA2_Channel3_IRQHandler                 0x080001fb   Thumb Code     0  startup_stm32f10x_hd.o(.text)
    DMA2_Channel4_5_IRQHandler               0x080001fb   Thumb Code     0  startup_stm32f10x_hd.o(.text)
    EXTI0_IRQHandler                         0x080001fb   Thumb Code     0  startup_stm32f10x_hd.o(.text)
    EXTI15_10_IRQHandler                     0x080001fb   Thumb Code     0  startup_stm32f10x_hd.o(.text)
    EXTI1_IRQHandler                         0x080001fb   Thumb Code     0  startup_stm32f10x_hd.o(.text)
    EXTI2_IRQHandler                         0x080001fb   Thumb Code     0  startup_stm32f10x_hd.o(.text)
    EXTI3_IRQHandler                         0x080001fb   Thumb Code     0  startup_stm32f10x_hd.o(.text)
    EXTI4_IRQHandler                         0x080001fb   Thumb Code     0  startup_stm32f10x_hd.o(.text)
    EXTI9_5_IRQHandler                       0x080001fb   Thumb Code     0  startup_stm32f10x_hd.o(.text)
    FLASH_IRQHandler                         0x080001fb   Thumb Code     0  startup_stm32f10x_hd.o(.text)
    FSMC_IRQHandler                          0x080001fb   Thumb Code     0  startup_stm32f10x_hd.o(.text)
    I2C1_ER_IRQHandler                       0x080001fb   Thumb Code     0  startup_stm32f10x_hd.o(.text)
    I2C1_EV_IRQHandler                       0x080001fb   Thumb Code     0  startup_stm32f10x_hd.o(.text)
    I2C2_ER_IRQHandler                       0x080001fb   Thumb Code     0  startup_stm32f10x_hd.o(.text)
    I2C2_EV_IRQHandler                       0x080001fb   Thumb Code     0  startup_stm32f10x_hd.o(.text)
    PVD_IRQHandler                           0x080001fb   Thumb Code     0  startup_stm32f10x_hd.o(.text)
    RCC_IRQHandler                           0x080001fb   Thumb Code     0  startup_stm32f10x_hd.o(.text)
    RTCAlarm_IRQHandler                      0x080001fb   Thumb Code     0  startup_stm32f10x_hd.o(.text)
    RTC_IRQHandler                           0x080001fb   Thumb Code     0  startup_stm32f10x_hd.o(.text)
    SDIO_IRQHandler                          0x080001fb   Thumb Code     0  startup_stm32f10x_hd.o(.text)
    SPI1_IRQHandler                          0x080001fb   Thumb Code     0  startup_stm32f10x_hd.o(.text)
    SPI2_IRQHandler                          0x080001fb   Thumb Code     0  startup_stm32f10x_hd.o(.text)
    SPI3_IRQHandler                          0x080001fb   Thumb Code     0  startup_stm32f10x_hd.o(.text)
    TAMPER_IRQHandler                        0x080001fb   Thumb Code     0  startup_stm32f10x_hd.o(.text)
    TIM1_BRK_IRQHandler                      0x080001fb   Thumb Code     0  startup_stm32f10x_hd.o(.text)
    TIM1_CC_IRQHandler                       0x080001fb   Thumb Code     0  startup_stm32f10x_hd.o(.text)
    TIM1_TRG_COM_IRQHandler                  0x080001fb   Thumb Code     0  startup_stm32f10x_hd.o(.text)
    TIM1_UP_IRQHandler                       0x080001fb   Thumb Code     0  startup_stm32f10x_hd.o(.text)
    TIM2_IRQHandler                          0x080001fb   Thumb Code     0  startup_stm32f10x_hd.o(.text)
    TIM3_IRQHandler                          0x080001fb   Thumb Code     0  startup_stm32f10x_hd.o(.text)
    TIM4_IRQHandler                          0x080001fb   Thumb Code     0  startup_stm32f10x_hd.o(.text)
    TIM5_IRQHandler                          0x080001fb   Thumb Code     0  startup_stm32f10x_hd.o(.text)
    TIM7_IRQHandler                          0x080001fb   Thumb Code     0  startup_stm32f10x_hd.o(.text)
    TIM8_BRK_IRQHandler                      0x080001fb   Thumb Code     0  startup_stm32f10x_hd.o(.text)
    TIM8_CC_IRQHandler                       0x080001fb   Thumb Code     0  startup_stm32f10x_hd.o(.text)
    TIM8_TRG_COM_IRQHandler                  0x080001fb   Thumb Code     0  startup_stm32f10x_hd.o(.text)
    TIM8_UP_IRQHandler                       0x080001fb   Thumb Code     0  startup_stm32f10x_hd.o(.text)
    UART4_IRQHandler                         0x080001fb   Thumb Code     0  startup_stm32f10x_hd.o(.text)
    UART5_IRQHandler                         0x080001fb   Thumb Code     0  startup_stm32f10x_hd.o(.text)
    USART2_IRQHandler                        0x080001fb   Thumb Code     0  startup_stm32f10x_hd.o(.text)
    USART3_IRQHandler                        0x080001fb   Thumb Code     0  startup_stm32f10x_hd.o(.text)
    USBWakeUp_IRQHandler                     0x080001fb   Thumb Code     0  startup_stm32f10x_hd.o(.text)
    USB_HP_CAN1_TX_IRQHandler                0x080001fb   Thumb Code     0  startup_stm32f10x_hd.o(.text)
    USB_LP_CAN1_RX0_IRQHandler               0x080001fb   Thumb Code     0  startup_stm32f10x_hd.o(.text)
    WWDG_IRQHandler                          0x080001fb   Thumb Code     0  startup_stm32f10x_hd.o(.text)
    SystemInit                               0x080002e3   Thumb Code    78  system_stm32f10x.o(.text)
    SystemCoreClockUpdate                    0x08000331   Thumb Code   142  system_stm32f10x.o(.text)
    NVIC_PriorityGroupConfig                 0x080003e5   Thumb Code    10  misc.o(.text)
    NVIC_Init                                0x080003ef   Thumb Code   100  misc.o(.text)
    NVIC_SetVectorTable                      0x08000453   Thumb Code    14  misc.o(.text)
    NVIC_SystemLPConfig                      0x08000461   Thumb Code    34  misc.o(.text)
    SysTick_CLKSourceConfig                  0x08000483   Thumb Code    40  misc.o(.text)
    DMA_DeInit                               0x080004c1   Thumb Code   324  stm32f10x_dma.o(.text)
    DMA_Init                                 0x08000605   Thumb Code    60  stm32f10x_dma.o(.text)
    DMA_StructInit                           0x08000641   Thumb Code    26  stm32f10x_dma.o(.text)
    DMA_Cmd                                  0x0800065b   Thumb Code    24  stm32f10x_dma.o(.text)
    DMA_ITConfig                             0x08000673   Thumb Code    18  stm32f10x_dma.o(.text)
    DMA_SetCurrDataCounter                   0x08000685   Thumb Code     4  stm32f10x_dma.o(.text)
    DMA_GetCurrDataCounter                   0x08000689   Thumb Code     8  stm32f10x_dma.o(.text)
    DMA_GetFlagStatus                        0x08000691   Thumb Code    40  stm32f10x_dma.o(.text)
    DMA_ClearFlag                            0x080006b9   Thumb Code    22  stm32f10x_dma.o(.text)
    DMA_GetITStatus                          0x080006cf   Thumb Code    40  stm32f10x_dma.o(.text)
    DMA_ClearITPendingBit                    0x080006f7   Thumb Code    22  stm32f10x_dma.o(.text)
    GPIO_DeInit                              0x08000715   Thumb Code   172  stm32f10x_gpio.o(.text)
    GPIO_AFIODeInit                          0x080007c1   Thumb Code    20  stm32f10x_gpio.o(.text)
    GPIO_Init                                0x080007d5   Thumb Code   278  stm32f10x_gpio.o(.text)
    GPIO_StructInit                          0x080008eb   Thumb Code    16  stm32f10x_gpio.o(.text)
    GPIO_ReadInputDataBit                    0x080008fb   Thumb Code    18  stm32f10x_gpio.o(.text)
    GPIO_ReadInputData                       0x0800090d   Thumb Code     8  stm32f10x_gpio.o(.text)
    GPIO_ReadOutputDataBit                   0x08000915   Thumb Code    18  stm32f10x_gpio.o(.text)
    GPIO_ReadOutputData                      0x08000927   Thumb Code     8  stm32f10x_gpio.o(.text)
    GPIO_SetBits                             0x0800092f   Thumb Code     4  stm32f10x_gpio.o(.text)
    GPIO_ResetBits                           0x08000933   Thumb Code     4  stm32f10x_gpio.o(.text)
    GPIO_WriteBit                            0x08000937   Thumb Code    10  stm32f10x_gpio.o(.text)
    GPIO_Write                               0x08000941   Thumb Code     4  stm32f10x_gpio.o(.text)
    GPIO_PinLockConfig                       0x08000945   Thumb Code    18  stm32f10x_gpio.o(.text)
    GPIO_EventOutputConfig                   0x08000957   Thumb Code    26  stm32f10x_gpio.o(.text)
    GPIO_EventOutputCmd                      0x08000971   Thumb Code     6  stm32f10x_gpio.o(.text)
    GPIO_PinRemapConfig                      0x08000977   Thumb Code   138  stm32f10x_gpio.o(.text)
    GPIO_EXTILineConfig                      0x08000a01   Thumb Code    66  stm32f10x_gpio.o(.text)
    GPIO_ETH_MediaInterfaceConfig            0x08000a43   Thumb Code     8  stm32f10x_gpio.o(.text)
    RCC_DeInit                               0x08000a71   Thumb Code    64  stm32f10x_rcc.o(.text)
    RCC_HSEConfig                            0x08000ab1   Thumb Code    70  stm32f10x_rcc.o(.text)
    RCC_GetFlagStatus                        0x08000af7   Thumb Code    56  stm32f10x_rcc.o(.text)
    RCC_WaitForHSEStartUp                    0x08000b2f   Thumb Code    56  stm32f10x_rcc.o(.text)
    RCC_AdjustHSICalibrationValue            0x08000b67   Thumb Code    20  stm32f10x_rcc.o(.text)
    RCC_HSICmd                               0x08000b7b   Thumb Code     6  stm32f10x_rcc.o(.text)
    RCC_PLLConfig                            0x08000b81   Thumb Code    24  stm32f10x_rcc.o(.text)
    RCC_PLLCmd                               0x08000b99   Thumb Code     6  stm32f10x_rcc.o(.text)
    RCC_SYSCLKConfig                         0x08000b9f   Thumb Code    18  stm32f10x_rcc.o(.text)
    RCC_GetSYSCLKSource                      0x08000bb1   Thumb Code    10  stm32f10x_rcc.o(.text)
    RCC_HCLKConfig                           0x08000bbb   Thumb Code    18  stm32f10x_rcc.o(.text)
    RCC_PCLK1Config                          0x08000bcd   Thumb Code    18  stm32f10x_rcc.o(.text)
    RCC_PCLK2Config                          0x08000bdf   Thumb Code    20  stm32f10x_rcc.o(.text)
    RCC_ITConfig                             0x08000bf3   Thumb Code    26  stm32f10x_rcc.o(.text)
    RCC_USBCLKConfig                         0x08000c0d   Thumb Code     8  stm32f10x_rcc.o(.text)
    RCC_ADCCLKConfig                         0x08000c15   Thumb Code    18  stm32f10x_rcc.o(.text)
    RCC_LSEConfig                            0x08000c27   Thumb Code    50  stm32f10x_rcc.o(.text)
    RCC_LSICmd                               0x08000c59   Thumb Code     6  stm32f10x_rcc.o(.text)
    RCC_RTCCLKConfig                         0x08000c5f   Thumb Code    12  stm32f10x_rcc.o(.text)
    RCC_RTCCLKCmd                            0x08000c6b   Thumb Code     8  stm32f10x_rcc.o(.text)
    RCC_GetClocksFreq                        0x08000c73   Thumb Code   192  stm32f10x_rcc.o(.text)
    RCC_AHBPeriphClockCmd                    0x08000d33   Thumb Code    26  stm32f10x_rcc.o(.text)
    RCC_APB2PeriphClockCmd                   0x08000d4d   Thumb Code    26  stm32f10x_rcc.o(.text)
    RCC_APB1PeriphClockCmd                   0x08000d67   Thumb Code    26  stm32f10x_rcc.o(.text)
    RCC_APB2PeriphResetCmd                   0x08000d81   Thumb Code    26  stm32f10x_rcc.o(.text)
    RCC_APB1PeriphResetCmd                   0x08000d9b   Thumb Code    26  stm32f10x_rcc.o(.text)
    RCC_BackupResetCmd                       0x08000db5   Thumb Code     8  stm32f10x_rcc.o(.text)
    RCC_ClockSecuritySystemCmd               0x08000dbd   Thumb Code     6  stm32f10x_rcc.o(.text)
    RCC_MCOConfig                            0x08000dc3   Thumb Code     6  stm32f10x_rcc.o(.text)
    RCC_ClearFlag                            0x08000dc9   Thumb Code    14  stm32f10x_rcc.o(.text)
    RCC_GetITStatus                          0x08000dd7   Thumb Code    20  stm32f10x_rcc.o(.text)
    RCC_ClearITPendingBit                    0x08000deb   Thumb Code     6  stm32f10x_rcc.o(.text)
    TIM_DeInit                               0x08000e15   Thumb Code   424  stm32f10x_tim.o(.text)
    TIM_TimeBaseInit                         0x08000fbd   Thumb Code   122  stm32f10x_tim.o(.text)
    TIM_OC1Init                              0x08001037   Thumb Code   132  stm32f10x_tim.o(.text)
    TIM_OC2Init                              0x080010bb   Thumb Code   154  stm32f10x_tim.o(.text)
    TIM_OC3Init                              0x08001155   Thumb Code   150  stm32f10x_tim.o(.text)
    TIM_OC4Init                              0x080011eb   Thumb Code   182  stm32f10x_tim.o(.text)
    TIM_SetIC4Prescaler                      0x080012a1   Thumb Code    26  stm32f10x_tim.o(.text)
    TIM_SetIC3Prescaler                      0x0800133d   Thumb Code    18  stm32f10x_tim.o(.text)
    TIM_SetIC2Prescaler                      0x080013c9   Thumb Code    26  stm32f10x_tim.o(.text)
    TIM_SetIC1Prescaler                      0x08001465   Thumb Code    18  stm32f10x_tim.o(.text)
    TIM_ICInit                               0x080014e3   Thumb Code   150  stm32f10x_tim.o(.text)
    TIM_PWMIConfig                           0x08001579   Thumb Code   124  stm32f10x_tim.o(.text)
    TIM_BDTRConfig                           0x080015f5   Thumb Code    32  stm32f10x_tim.o(.text)
    TIM_TimeBaseStructInit                   0x08001615   Thumb Code    18  stm32f10x_tim.o(.text)
    TIM_OCStructInit                         0x08001627   Thumb Code    20  stm32f10x_tim.o(.text)
    TIM_ICStructInit                         0x0800163b   Thumb Code    18  stm32f10x_tim.o(.text)
    TIM_BDTRStructInit                       0x0800164d   Thumb Code    40  stm32f10x_tim.o(.text)
    TIM_Cmd                                  0x08001675   Thumb Code    24  stm32f10x_tim.o(.text)
    TIM_CtrlPWMOutputs                       0x0800168d   Thumb Code    30  stm32f10x_tim.o(.text)
    TIM_ITConfig                             0x080016ab   Thumb Code    18  stm32f10x_tim.o(.text)
    TIM_GenerateEvent                        0x080016bd   Thumb Code     4  stm32f10x_tim.o(.text)
    TIM_DMAConfig                            0x080016c1   Thumb Code    10  stm32f10x_tim.o(.text)
    TIM_DMACmd                               0x080016cb   Thumb Code    18  stm32f10x_tim.o(.text)
    TIM_InternalClockConfig                  0x080016dd   Thumb Code    12  stm32f10x_tim.o(.text)
    TIM_SelectInputTrigger                   0x080016e9   Thumb Code    18  stm32f10x_tim.o(.text)
    TIM_ITRxExternalClockConfig              0x080016fb   Thumb Code    24  stm32f10x_tim.o(.text)
    TIM_TIxExternalClockConfig               0x08001713   Thumb Code    62  stm32f10x_tim.o(.text)
    TIM_ETRConfig                            0x08001751   Thumb Code    28  stm32f10x_tim.o(.text)
    TIM_ETRClockMode1Config                  0x0800176d   Thumb Code    54  stm32f10x_tim.o(.text)
    TIM_ETRClockMode2Config                  0x080017a3   Thumb Code    32  stm32f10x_tim.o(.text)
    TIM_PrescalerConfig                      0x080017c3   Thumb Code     6  stm32f10x_tim.o(.text)
    TIM_CounterModeConfig                    0x080017c9   Thumb Code    18  stm32f10x_tim.o(.text)
    TIM_EncoderInterfaceConfig               0x080017db   Thumb Code    66  stm32f10x_tim.o(.text)
    TIM_ForcedOC1Config                      0x0800181d   Thumb Code    18  stm32f10x_tim.o(.text)
    TIM_ForcedOC2Config                      0x0800182f   Thumb Code    26  stm32f10x_tim.o(.text)
    TIM_ForcedOC3Config                      0x08001849   Thumb Code    18  stm32f10x_tim.o(.text)
    TIM_ForcedOC4Config                      0x0800185b   Thumb Code    26  stm32f10x_tim.o(.text)
    TIM_ARRPreloadConfig                     0x08001875   Thumb Code    24  stm32f10x_tim.o(.text)
    TIM_SelectCOM                            0x0800188d   Thumb Code    24  stm32f10x_tim.o(.text)
    TIM_SelectCCDMA                          0x080018a5   Thumb Code    24  stm32f10x_tim.o(.text)
    TIM_CCPreloadControl                     0x080018bd   Thumb Code    24  stm32f10x_tim.o(.text)
    TIM_OC1PreloadConfig                     0x080018d5   Thumb Code    18  stm32f10x_tim.o(.text)
    TIM_OC2PreloadConfig                     0x080018e7   Thumb Code    26  stm32f10x_tim.o(.text)
    TIM_OC3PreloadConfig                     0x08001901   Thumb Code    18  stm32f10x_tim.o(.text)
    TIM_OC4PreloadConfig                     0x08001913   Thumb Code    26  stm32f10x_tim.o(.text)
    TIM_OC1FastConfig                        0x0800192d   Thumb Code    18  stm32f10x_tim.o(.text)
    TIM_OC2FastConfig                        0x0800193f   Thumb Code    26  stm32f10x_tim.o(.text)
    TIM_OC3FastConfig                        0x08001959   Thumb Code    18  stm32f10x_tim.o(.text)
    TIM_OC4FastConfig                        0x0800196b   Thumb Code    26  stm32f10x_tim.o(.text)
    TIM_ClearOC1Ref                          0x08001985   Thumb Code    18  stm32f10x_tim.o(.text)
    TIM_ClearOC2Ref                          0x08001997   Thumb Code    24  stm32f10x_tim.o(.text)
    TIM_ClearOC3Ref                          0x080019af   Thumb Code    18  stm32f10x_tim.o(.text)
    TIM_ClearOC4Ref                          0x080019c1   Thumb Code    24  stm32f10x_tim.o(.text)
    TIM_OC1PolarityConfig                    0x080019d9   Thumb Code    18  stm32f10x_tim.o(.text)
    TIM_OC1NPolarityConfig                   0x080019eb   Thumb Code    18  stm32f10x_tim.o(.text)
    TIM_OC2PolarityConfig                    0x080019fd   Thumb Code    26  stm32f10x_tim.o(.text)
    TIM_OC2NPolarityConfig                   0x08001a17   Thumb Code    26  stm32f10x_tim.o(.text)
    TIM_OC3PolarityConfig                    0x08001a31   Thumb Code    26  stm32f10x_tim.o(.text)
    TIM_OC3NPolarityConfig                   0x08001a4b   Thumb Code    26  stm32f10x_tim.o(.text)
    TIM_OC4PolarityConfig                    0x08001a65   Thumb Code    26  stm32f10x_tim.o(.text)
    TIM_CCxCmd                               0x08001a7f   Thumb Code    30  stm32f10x_tim.o(.text)
    TIM_CCxNCmd                              0x08001a9d   Thumb Code    30  stm32f10x_tim.o(.text)
    TIM_SelectOCxM                           0x08001abb   Thumb Code    82  stm32f10x_tim.o(.text)
    TIM_UpdateDisableConfig                  0x08001b0d   Thumb Code    24  stm32f10x_tim.o(.text)
    TIM_UpdateRequestConfig                  0x08001b25   Thumb Code    24  stm32f10x_tim.o(.text)
    TIM_SelectHallSensor                     0x08001b3d   Thumb Code    24  stm32f10x_tim.o(.text)
    TIM_SelectOnePulseMode                   0x08001b55   Thumb Code    18  stm32f10x_tim.o(.text)
    TIM_SelectOutputTrigger                  0x08001b67   Thumb Code    18  stm32f10x_tim.o(.text)
    TIM_SelectSlaveMode                      0x08001b79   Thumb Code    18  stm32f10x_tim.o(.text)
    TIM_SelectMasterSlaveMode                0x08001b8b   Thumb Code    18  stm32f10x_tim.o(.text)
    TIM_SetCounter                           0x08001b9d   Thumb Code     4  stm32f10x_tim.o(.text)
    TIM_SetAutoreload                        0x08001ba1   Thumb Code     4  stm32f10x_tim.o(.text)
    TIM_SetCompare1                          0x08001ba5   Thumb Code     4  stm32f10x_tim.o(.text)
    TIM_SetCompare2                          0x08001ba9   Thumb Code     4  stm32f10x_tim.o(.text)
    TIM_SetCompare3                          0x08001bad   Thumb Code     4  stm32f10x_tim.o(.text)
    TIM_SetCompare4                          0x08001bb1   Thumb Code     6  stm32f10x_tim.o(.text)
    TIM_SetClockDivision                     0x08001bb7   Thumb Code    18  stm32f10x_tim.o(.text)
    TIM_GetCapture1                          0x08001bc9   Thumb Code     6  stm32f10x_tim.o(.text)
    TIM_GetCapture2                          0x08001bcf   Thumb Code     6  stm32f10x_tim.o(.text)
    TIM_GetCapture3                          0x08001bd5   Thumb Code     6  stm32f10x_tim.o(.text)
    TIM_GetCapture4                          0x08001bdb   Thumb Code     8  stm32f10x_tim.o(.text)
    TIM_GetCounter                           0x08001be3   Thumb Code     6  stm32f10x_tim.o(.text)
    TIM_GetPrescaler                         0x08001be9   Thumb Code     6  stm32f10x_tim.o(.text)
    TIM_GetFlagStatus                        0x08001bef   Thumb Code    18  stm32f10x_tim.o(.text)
    TIM_ClearFlag                            0x08001c01   Thumb Code     6  stm32f10x_tim.o(.text)
    TIM_GetITStatus                          0x08001c07   Thumb Code    34  stm32f10x_tim.o(.text)
    TIM_ClearITPendingBit                    0x08001c29   Thumb Code     6  stm32f10x_tim.o(.text)
    USART_DeInit                             0x08001c31   Thumb Code   134  stm32f10x_usart.o(.text)
    USART_Init                               0x08001cb7   Thumb Code   210  stm32f10x_usart.o(.text)
    USART_StructInit                         0x08001d89   Thumb Code    24  stm32f10x_usart.o(.text)
    USART_ClockInit                          0x08001da1   Thumb Code    34  stm32f10x_usart.o(.text)
    USART_ClockStructInit                    0x08001dc3   Thumb Code    12  stm32f10x_usart.o(.text)
    USART_Cmd                                0x08001dcf   Thumb Code    24  stm32f10x_usart.o(.text)
    USART_ITConfig                           0x08001de7   Thumb Code    74  stm32f10x_usart.o(.text)
    USART_DMACmd                             0x08001e31   Thumb Code    18  stm32f10x_usart.o(.text)
    USART_SetAddress                         0x08001e43   Thumb Code    18  stm32f10x_usart.o(.text)
    USART_WakeUpConfig                       0x08001e55   Thumb Code    18  stm32f10x_usart.o(.text)
    USART_ReceiverWakeUpCmd                  0x08001e67   Thumb Code    24  stm32f10x_usart.o(.text)
    USART_LINBreakDetectLengthConfig         0x08001e7f   Thumb Code    18  stm32f10x_usart.o(.text)
    USART_LINCmd                             0x08001e91   Thumb Code    24  stm32f10x_usart.o(.text)
    USART_SendData                           0x08001ea9   Thumb Code     8  stm32f10x_usart.o(.text)
    USART_ReceiveData                        0x08001eb1   Thumb Code    10  stm32f10x_usart.o(.text)
    USART_SendBreak                          0x08001ebb   Thumb Code    10  stm32f10x_usart.o(.text)
    USART_SetGuardTime                       0x08001ec5   Thumb Code    16  stm32f10x_usart.o(.text)
    USART_SetPrescaler                       0x08001ed5   Thumb Code    16  stm32f10x_usart.o(.text)
    USART_SmartCardCmd                       0x08001ee5   Thumb Code    24  stm32f10x_usart.o(.text)
    USART_SmartCardNACKCmd                   0x08001efd   Thumb Code    24  stm32f10x_usart.o(.text)
    USART_HalfDuplexCmd                      0x08001f15   Thumb Code    24  stm32f10x_usart.o(.text)
    USART_OverSampling8Cmd                   0x08001f2d   Thumb Code    22  stm32f10x_usart.o(.text)
    USART_OneBitMethodCmd                    0x08001f43   Thumb Code    24  stm32f10x_usart.o(.text)
    USART_IrDAConfig                         0x08001f5b   Thumb Code    18  stm32f10x_usart.o(.text)
    USART_IrDACmd                            0x08001f6d   Thumb Code    24  stm32f10x_usart.o(.text)
    USART_GetFlagStatus                      0x08001f85   Thumb Code    26  stm32f10x_usart.o(.text)
    USART_ClearFlag                          0x08001f9f   Thumb Code    18  stm32f10x_usart.o(.text)
    USART_GetITStatus                        0x08001fb1   Thumb Code    84  stm32f10x_usart.o(.text)
    USART_ClearITPendingBit                  0x08002005   Thumb Code    52  stm32f10x_usart.o(.text)
    main                                     0x08002091   Thumb Code    16  main.o(.text)
    SysTick_Handler                          0x0800217d   Thumb Code    16  stm32f10x_it.o(.text)
    USART1_IRQHandler                        0x0800218d   Thumb Code    92  stm32f10x_it.o(.text)
    TIM6_IRQHandler                          0x080021e9   Thumb Code    64  stm32f10x_it.o(.text)
    DMA1_Channel4_IRQHandler                 0x08002229   Thumb Code    38  stm32f10x_it.o(.text)
    LED_GPIO_Config                          0x08002275   Thumb Code    90  bsp_led.o(.text)
    USART_Config                             0x08002315   Thumb Code   156  bsp_usart.o(.text)
    USARTx_DMA_Config                        0x080023b1   Thumb Code   158  bsp_usart.o(.text)
    USARTx_DMA_Rx_Config                     0x0800244f   Thumb Code    60  bsp_usart.o(.text)
    USARTx_DMA_Tx_Config                     0x0800248b   Thumb Code    56  bsp_usart.o(.text)
    Usart_SendByte                           0x080024c3   Thumb Code    30  bsp_usart.o(.text)
    Usart_SendArray                          0x080024e1   Thumb Code    48  bsp_usart.o(.text)
    Usart_SendString                         0x08002511   Thumb Code    42  bsp_usart.o(.text)
    Usart_SendHalfWord                       0x0800253b   Thumb Code    60  bsp_usart.o(.text)
    fputc                                    0x08002577   Thumb Code    32  bsp_usart.o(.text)
    fgetc                                    0x08002597   Thumb Code    26  bsp_usart.o(.text)
    BASIC_TIM_Init                           0x08002613   Thumb Code    12  bsp_timbase.o(.text)
    vListInitialise                          0x08002625   Thumb Code    26  list.o(.text)
    vListInitialiseItem                      0x0800263f   Thumb Code     6  list.o(.text)
    vListInsertEnd                           0x08002645   Thumb Code    24  list.o(.text)
    vListInsert                              0x0800265d   Thumb Code    52  list.o(.text)
    uxListRemove                             0x08002691   Thumb Code    40  list.o(.text)
    xQueueGenericReset                       0x080026b9   Thumb Code   136  queue.o(.text)
    xQueueGenericCreate                      0x08002767   Thumb Code    78  queue.o(.text)
    xQueueGenericSend                        0x080028bb   Thumb Code   380  queue.o(.text)
    xQueueGenericSendFromISR                 0x08002a37   Thumb Code   268  queue.o(.text)
    xQueueGiveFromISR                        0x08002b43   Thumb Code   206  queue.o(.text)
    xQueueGenericReceive                     0x08002c55   Thumb Code   398  queue.o(.text)
    xQueueReceiveFromISR                     0x08002de3   Thumb Code   190  queue.o(.text)
    xQueuePeekFromISR                        0x08002ea1   Thumb Code   158  queue.o(.text)
    uxQueueMessagesWaiting                   0x08002f3f   Thumb Code    36  queue.o(.text)
    uxQueueSpacesAvailable                   0x08002f63   Thumb Code    42  queue.o(.text)
    uxQueueMessagesWaitingFromISR            0x08002f8d   Thumb Code    28  queue.o(.text)
    vQueueUnregisterQueue                    0x08002fa9   Thumb Code    44  queue.o(.text)
    vQueueDelete                             0x08002fd5   Thumb Code    38  queue.o(.text)
    xQueueIsQueueEmptyFromISR                0x08002ffb   Thumb Code    36  queue.o(.text)
    xQueueIsQueueFullFromISR                 0x0800301f   Thumb Code    40  queue.o(.text)
    vQueueAddToRegistry                      0x08003047   Thumb Code    38  queue.o(.text)
    pcQueueGetName                           0x0800306d   Thumb Code    38  queue.o(.text)
    vQueueWaitForMessageRestricted           0x08003093   Thumb Code    82  queue.o(.text)
    xTaskCreate                              0x0800325b   Thumb Code    96  tasks.o(.text)
    vTaskDelete                              0x080032f7   Thumb Code   192  tasks.o(.text)
    xTaskIncrementTick                       0x080033b7   Thumb Code   272  tasks.o(.text)
    xTaskResumeAll                           0x080034c7   Thumb Code   344  tasks.o(.text)
    vTaskSuspendAll                          0x0800369b   Thumb Code    12  tasks.o(.text)
    vTaskDelayUntil                          0x080036a7   Thumb Code   182  tasks.o(.text)
    vTaskDelay                               0x0800375d   Thumb Code    76  tasks.o(.text)
    eTaskGetState                            0x080037a9   Thumb Code   106  tasks.o(.text)
    uxTaskPriorityGet                        0x08003813   Thumb Code    30  tasks.o(.text)
    uxTaskPriorityGetFromISR                 0x08003831   Thumb Code    62  tasks.o(.text)
    vTaskPrioritySet                         0x0800386f   Thumb Code   306  tasks.o(.text)
    vTaskSwitchContext                       0x080039a1   Thumb Code   114  tasks.o(.text)
    vTaskSuspend                             0x08003a13   Thumb Code   190  tasks.o(.text)
    vTaskResume                              0x08003b1d   Thumb Code   122  tasks.o(.text)
    xTaskResumeFromISR                       0x08003b97   Thumb Code   152  tasks.o(.text)
    vTaskStartScheduler                      0x08003ca5   Thumb Code   112  tasks.o(.text)
    vTaskEndScheduler                        0x08003d15   Thumb Code    32  tasks.o(.text)
    xTaskGetTickCount                        0x08003d35   Thumb Code     6  tasks.o(.text)
    xTaskGetTickCountFromISR                 0x08003d3b   Thumb Code    16  tasks.o(.text)
    uxTaskGetNumberOfTasks                   0x08003d4b   Thumb Code     6  tasks.o(.text)
    pcTaskGetName                            0x08003d51   Thumb Code    40  tasks.o(.text)
    vTaskPlaceOnEventList                    0x08003d79   Thumb Code   122  tasks.o(.text)
    vTaskPlaceOnUnorderedEventList           0x08003df3   Thumb Code    88  tasks.o(.text)
    vTaskPlaceOnEventListRestricted          0x08003e4b   Thumb Code    54  tasks.o(.text)
    xTaskRemoveFromEventList                 0x08003e81   Thumb Code   122  tasks.o(.text)
    xTaskRemoveFromUnorderedEventList        0x08003efb   Thumb Code   142  tasks.o(.text)
    vTaskSetTimeOutState                     0x08003f89   Thumb Code    36  tasks.o(.text)
    xTaskCheckForTimeOut                     0x08003fad   Thumb Code   124  tasks.o(.text)
    vTaskMissedYield                         0x08004029   Thumb Code     8  tasks.o(.text)
    xTaskGetSchedulerState                   0x08004031   Thumb Code    24  tasks.o(.text)
    uxTaskResetEventItemValue                0x08004049   Thumb Code    24  tasks.o(.text)
    ulTaskNotifyTake                         0x08004061   Thumb Code   108  tasks.o(.text)
    xTaskNotifyWait                          0x080040cd   Thumb Code   150  tasks.o(.text)
    xTaskGenericNotify                       0x08004163   Thumb Code   272  tasks.o(.text)
    xTaskGenericNotifyFromISR                0x08004273   Thumb Code   286  tasks.o(.text)
    vTaskNotifyGiveFromISR                   0x08004391   Thumb Code   204  tasks.o(.text)
    xTaskNotifyStateClear                    0x0800445d   Thumb Code    48  tasks.o(.text)
    xTimerGenericCommand                     0x080044f9   Thumb Code   118  timers.o(.text)
    xTimerCreateTimerTask                    0x08004861   Thumb Code    56  timers.o(.text)
    xTimerCreate                             0x08004943   Thumb Code    48  timers.o(.text)
    xTimerGetTimerDaemonTaskHandle           0x08004973   Thumb Code    38  timers.o(.text)
    xTimerGetPeriod                          0x08004999   Thumb Code    28  timers.o(.text)
    xTimerGetExpiryTime                      0x080049b5   Thumb Code    30  timers.o(.text)
    pcTimerGetName                           0x080049d3   Thumb Code    28  timers.o(.text)
    xTimerIsTimerActive                      0x080049ef   Thumb Code    50  timers.o(.text)
    pvTimerGetTimerID                        0x08004a21   Thumb Code    38  timers.o(.text)
    vTimerSetTimerID                         0x08004a47   Thumb Code    38  timers.o(.text)
    xTimerPendFunctionCallFromISR            0x08004a6d   Thumb Code    48  timers.o(.text)
    xTimerPendFunctionCall                   0x08004a9d   Thumb Code    70  timers.o(.text)
    pvPortMalloc                             0x08004baf   Thumb Code   262  heap_4.o(.text)
    vPortFree                                0x08004cb5   Thumb Code   120  heap_4.o(.text)
    xPortGetFreeHeapSize                     0x08004d2d   Thumb Code     6  heap_4.o(.text)
    xPortGetMinimumEverFreeHeapSize          0x08004d33   Thumb Code     6  heap_4.o(.text)
    vPortInitialiseBlocks                    0x08004d39   Thumb Code     2  heap_4.o(.text)
    pxPortInitialiseStack                    0x08004dbd   Thumb Code    30  port.o(.text)
    vPortSetupTimerInterrupt                 0x08004ddb   Thumb Code    26  port.o(.text)
    xPortStartScheduler                      0x08004df5   Thumb Code   140  port.o(.text)
    vPortEndScheduler                        0x08004e81   Thumb Code    34  port.o(.text)
    vPortEnterCritical                       0x08004ea3   Thumb Code    70  port.o(.text)
    vPortExitCritical                        0x08004ee9   Thumb Code    48  port.o(.text)
    xPortSysTickHandler                      0x08004f19   Thumb Code    48  port.o(.text)
    vPortValidateInterruptPriority           0x08004f49   Thumb Code    88  port.o(.text)
    eMBFuncReadCoils                         0x08004ff5   Thumb Code   174  mbfunccoils.o(.text)
    eMBFuncWriteCoil                         0x080050a3   Thumb Code   112  mbfunccoils.o(.text)
    eMBFuncWriteMultipleCoils                0x08005113   Thumb Code   144  mbfunccoils.o(.text)
    eMBFuncReadDiscreteInputs                0x080051a3   Thumb Code   172  mbfuncdisc.o(.text)
    eMBFuncWriteHoldingRegister              0x0800524f   Thumb Code    66  mbfuncholding.o(.text)
    eMBFuncWriteMultipleHoldingRegister      0x08005291   Thumb Code   110  mbfuncholding.o(.text)
    eMBFuncReadHoldingRegister               0x080052ff   Thumb Code   140  mbfuncholding.o(.text)
    eMBFuncReadWriteMultipleHoldingRegister  0x0800538b   Thumb Code   212  mbfuncholding.o(.text)
    eMBFuncReadInputRegister                 0x0800545f   Thumb Code   140  mbfuncinput.o(.text)
    eMBSetSlaveID                            0x080054ed   Thumb Code   110  mbfuncother.o(.text)
    eMBFuncReportSlaveID                     0x0800555b   Thumb Code    30  mbfuncother.o(.text)
    xMBUtilSetBits                           0x08005581   Thumb Code    96  mbutils.o(.text)
    xMBUtilGetBits                           0x080055e1   Thumb Code    42  mbutils.o(.text)
    prveMBError2Exception                    0x0800560b   Thumb Code    34  mbutils.o(.text)
    usMBCRC16                                0x0800562d   Thumb Code    48  mbcrc.o(.text)
    eMBRTUInit                               0x08005665   Thumb Code    84  mbrtu.o(.text)
    eMBRTUStart                              0x080056b9   Thumb Code    26  mbrtu.o(.text)
    eMBRTUStop                               0x080056d3   Thumb Code    26  mbrtu.o(.text)
    eMBRTUReceive                            0x080056ed   Thumb Code    98  mbrtu.o(.text)
    eMBRTUSend                               0x0800574f   Thumb Code   114  mbrtu.o(.text)
    xMBRTUReceiveFSM                         0x080057c1   Thumb Code     2  mbrtu.o(.text)
    eMBInit                                  0x080057d9   Thumb Code   138  mb.o(.text)
    eMBRegisterCB                            0x08005863   Thumb Code   138  mb.o(.text)
    eMBClose                                 0x080058ed   Thumb Code    32  mb.o(.text)
    eMBEnable                                0x0800590d   Thumb Code    32  mb.o(.text)
    eMBDisable                               0x0800592d   Thumb Code    42  mb.o(.text)
    eMBPoll                                  0x08005957   Thumb Code   294  mb.o(.text)
    EnterCriticalSection                     0x08005ad1   Thumb Code     2  port_1.o(.text)
    ExitCriticalSection                      0x08005ad3   Thumb Code     2  port_1.o(.text)
    xMBPortEventInit                         0x08005ad5   Thumb Code    10  portevent.o(.text)
    xMBPortEventPost                         0x08005adf   Thumb Code    10  portevent.o(.text)
    xMBPortEventGet                          0x08005ae9   Thumb Code    58  portevent.o(.text)
    xMBPortSerialInit                        0x08005b29   Thumb Code    26  portserial.o(.text)
    vMBPortSerialEnable                      0x08005b43   Thumb Code    52  portserial.o(.text)
    vMBPortClose                             0x08005b77   Thumb Code    12  portserial.o(.text)
    xMBPortSerialPutByte                     0x08005b83   Thumb Code    16  portserial.o(.text)
    xMBPortSerialGetByte                     0x08005b93   Thumb Code     6  portserial.o(.text)
    xMBPortTimersInit                        0x08005ba9   Thumb Code    16  porttimer.o(.text)
    vMBPortTimersEnable                      0x08005bb9   Thumb Code    22  porttimer.o(.text)
    vMBPortTimersDisable                     0x08005bcf   Thumb Code    14  porttimer.o(.text)
    eMBRegInputCB                            0x08005be5   Thumb Code   104  user_mb_app.o(.text)
    eMBRegHoldingCB                          0x08005c4d   Thumb Code   172  user_mb_app.o(.text)
    eMBRegCoilsCB                            0x08005cf9   Thumb Code   300  user_mb_app.o(.text)
    eMBRegDiscreteCB                         0x08005e25   Thumb Code   190  user_mb_app.o(.text)
    __aeabi_memcpy                           0x08005f05   Thumb Code    36  memcpya.o(.text)
    __aeabi_memcpy4                          0x08005f05   Thumb Code     0  memcpya.o(.text)
    __aeabi_memcpy8                          0x08005f05   Thumb Code     0  memcpya.o(.text)
    __aeabi_memset                           0x08005f29   Thumb Code    14  memseta.o(.text)
    __aeabi_memset4                          0x08005f29   Thumb Code     0  memseta.o(.text)
    __aeabi_memset8                          0x08005f29   Thumb Code     0  memseta.o(.text)
    __aeabi_memclr                           0x08005f37   Thumb Code     4  memseta.o(.text)
    __aeabi_memclr4                          0x08005f37   Thumb Code     0  memseta.o(.text)
    __aeabi_memclr8                          0x08005f37   Thumb Code     0  memseta.o(.text)
    _memset$wrapper                          0x08005f3b   Thumb Code    18  memseta.o(.text)
    __aeabi_uidiv                            0x08005f4d   Thumb Code     0  uidiv.o(.text)
    __aeabi_uidivmod                         0x08005f4d   Thumb Code    44  uidiv.o(.text)
    __scatterload                            0x08005f79   Thumb Code    28  init.o(.text)
    __scatterload_rt2                        0x08005f79   Thumb Code     0  init.o(.text)
    __decompress                             0x08005f9d   Thumb Code     0  __dczerorl2.o(.text)
    __decompress1                            0x08005f9d   Thumb Code    86  __dczerorl2.o(.text)
    __0printf$3                              0x08005ff5   Thumb Code    22  printf3.o(i.__0printf$3)
    __1printf$3                              0x08005ff5   Thumb Code     0  printf3.o(i.__0printf$3)
    __2printf                                0x08005ff5   Thumb Code     0  printf3.o(i.__0printf$3)
    __scatterload_copy                       0x08006015   Thumb Code    14  handlers.o(i.__scatterload_copy)
    __scatterload_null                       0x08006023   Thumb Code     2  handlers.o(i.__scatterload_null)
    __scatterload_zeroinit                   0x08006025   Thumb Code    14  handlers.o(i.__scatterload_zeroinit)
    Region$$Table$$Base                      0x080063ec   Number         0  anon$$obj.o(Region$$Table)
    Region$$Table$$Limit                     0x0800640c   Number         0  anon$$obj.o(Region$$Table)
    SystemCoreClock                          0x20000000   Data           4  system_stm32f10x.o(.data)
    AHBPrescTable                            0x20000004   Data          16  system_stm32f10x.o(.data)
    BinarySem_Handle                         0x20000030   Data           4  main.o(.data)
    BASIC_TIM_num                            0x20000034   Data           2  stm32f10x_it.o(.data)
    last_frame_time                          0x20000036   Data           2  stm32f10x_it.o(.data)
    tttttt                                   0x20000038   Data           4  stm32f10x_it.o(.data)
    ttt                                      0x2000003c   Data           1  stm32f10x_it.o(.data)
    pxCurrentTCB                             0x20000040   Data           4  tasks.o(.data)
    usRcvBufferlen                           0x200000c4   Data           2  mbrtu.o(.data)
    pxMBFrameCBByteReceived                  0x200000e0   Data           4  mb.o(.data)
    pxMBFrameCBTransmitterEmpty              0x200000e4   Data           4  mb.o(.data)
    pxMBPortCBTimerExpired                   0x200000e8   Data           4  mb.o(.data)
    pxMBFrameCBReceiveFSMCur                 0x200000ec   Data           4  mb.o(.data)
    pxMBFrameCBTransmitFSMCur                0x200000f0   Data           4  mb.o(.data)
    xSlaveOsEvent                            0x20000180   Data           4  portevent.o(.data)
    xSlaveState                              0x20000184   Data           1  portevent.o(.data)
    downcounter                              0x20000186   Data           2  porttimer.o(.data)
    mbrec_timeout                            0x20000188   Data           2  porttimer.o(.data)
    usSDiscInStart                           0x2000018a   Data           2  user_mb_app.o(.data)
    ucSDiscInBuf                             0x2000018c   Data           2  user_mb_app.o(.data)
    usSCoilStart                             0x2000018e   Data           2  user_mb_app.o(.data)
    ucSCoilBuf                               0x20000190   Data           8  user_mb_app.o(.data)
    usSRegInStart                            0x20000198   Data           2  user_mb_app.o(.data)
    usSRegHoldStart                          0x2000019a   Data           2  user_mb_app.o(.data)
    __stdout                                 0x2000019c   Data           4  stdout.o(.data)
    xQueueRegistry                           0x200001a0   Data          80  queue.o(.bss)
    ucRTUBuf                                 0x2000951c   Data         256  mbrtu.o(.bss)
    usSRegInBuf                              0x2000961c   Data         200  user_mb_app.o(.bss)
    usSRegHoldBuf                            0x200096e4   Data         200  user_mb_app.o(.bss)
    __initial_sp                             0x20009bb0   Data           0  startup_stm32f10x_hd.o(STACK)



==============================================================================

Memory Map of the image

  Image Entry point : 0x08000131

  Load Region LR_IROM1 (Base: 0x08000000, Size: 0x000065ac, Max: 0x00080000, ABSOLUTE, COMPRESSED[0x00006468])

    Execution Region ER_IROM1 (Exec base: 0x08000000, Load base: 0x08000000, Size: 0x0000640c, Max: 0x00080000, ABSOLUTE)

    Exec Addr    Load Addr    Size         Type   Attr      Idx    E Section Name        Object

    0x08000000   0x08000000   0x00000130   Data   RO            3    RESET               startup_stm32f10x_hd.o
    0x08000130   0x08000130   0x00000000   Code   RO          980  * .ARM.Collect$$$$00000000  mc_w.l(entry.o)
    0x08000130   0x08000130   0x00000004   Code   RO         1250    .ARM.Collect$$$$00000001  mc_w.l(entry2.o)
    0x08000134   0x08000134   0x00000004   Code   RO         1253    .ARM.Collect$$$$00000004  mc_w.l(entry5.o)
    0x08000138   0x08000138   0x00000000   Code   RO         1255    .ARM.Collect$$$$00000008  mc_w.l(entry7b.o)
    0x08000138   0x08000138   0x00000000   Code   RO         1257    .ARM.Collect$$$$0000000A  mc_w.l(entry8b.o)
    0x08000138   0x08000138   0x00000008   Code   RO         1258    .ARM.Collect$$$$0000000B  mc_w.l(entry9a.o)
    0x08000140   0x08000140   0x00000004   Code   RO         1265    .ARM.Collect$$$$0000000E  mc_w.l(entry12b.o)
    0x08000144   0x08000144   0x00000000   Code   RO         1260    .ARM.Collect$$$$0000000F  mc_w.l(entry10a.o)
    0x08000144   0x08000144   0x00000000   Code   RO         1262    .ARM.Collect$$$$00000011  mc_w.l(entry11a.o)
    0x08000144   0x08000144   0x00000004   Code   RO         1251    .ARM.Collect$$$$00002712  mc_w.l(entry2.o)
    0x08000148   0x08000148   0x00000096   Code   RO          735    .emb_text           port.o
    0x080001de   0x080001de   0x00000002   PAD
    0x080001e0   0x080001e0   0x00000024   Code   RO            4    .text               startup_stm32f10x_hd.o
    0x08000204   0x08000204   0x000001e0   Code   RO           24    .text               system_stm32f10x.o
    0x080003e4   0x080003e4   0x000000dc   Code   RO          121    .text               misc.o
    0x080004c0   0x080004c0   0x00000254   Code   RO          221    .text               stm32f10x_dma.o
    0x08000714   0x08000714   0x0000035c   Code   RO          269    .text               stm32f10x_gpio.o
    0x08000a70   0x08000a70   0x000003a4   Code   RO          317    .text               stm32f10x_rcc.o
    0x08000e14   0x08000e14   0x00000e1a   Code   RO          367    .text               stm32f10x_tim.o
    0x08001c2e   0x08001c2e   0x00000002   PAD
    0x08001c30   0x08001c30   0x00000408   Code   RO          379    .text               stm32f10x_usart.o
    0x08002038   0x08002038   0x00000144   Code   RO          403    .text               main.o
    0x0800217c   0x0800217c   0x000000f8   Code   RO          499    .text               stm32f10x_it.o
    0x08002274   0x08002274   0x00000060   Code   RO          530    .text               bsp_led.o
    0x080022d4   0x080022d4   0x000002ec   Code   RO          545    .text               bsp_usart.o
    0x080025c0   0x080025c0   0x00000064   Code   RO          583    .text               bsp_timbase.o
    0x08002624   0x08002624   0x00000094   Code   RO          644    .text               list.o
    0x080026b8   0x080026b8   0x00000a2c   Code   RO          656    .text               queue.o
    0x080030e4   0x080030e4   0x000013c4   Code   RO          674    .text               tasks.o
    0x080044a8   0x080044a8   0x00000644   Code   RO          705    .text               timers.o
    0x08004aec   0x08004aec   0x000002a0   Code   RO          720    .text               heap_4.o
    0x08004d8c   0x08004d8c   0x00000268   Code   RO          736    .text               port.o
    0x08004ff4   0x08004ff4   0x000001ae   Code   RO          765    .text               mbfunccoils.o
    0x080051a2   0x080051a2   0x000000ac   Code   RO          783    .text               mbfuncdisc.o
    0x0800524e   0x0800524e   0x00000210   Code   RO          795    .text               mbfuncholding.o
    0x0800545e   0x0800545e   0x0000008c   Code   RO          807    .text               mbfuncinput.o
    0x080054ea   0x080054ea   0x00000002   PAD
    0x080054ec   0x080054ec   0x00000094   Code   RO          819    .text               mbfuncother.o
    0x08005580   0x08005580   0x000000ac   Code   RO          834    .text               mbutils.o
    0x0800562c   0x0800562c   0x00000038   Code   RO          846    .text               mbcrc.o
    0x08005664   0x08005664   0x00000174   Code   RO          860    .text               mbrtu.o
    0x080057d8   0x080057d8   0x000002f8   Code   RO          882    .text               mb.o
    0x08005ad0   0x08005ad0   0x00000004   Code   RO          904    .text               port_1.o
    0x08005ad4   0x08005ad4   0x00000054   Code   RO          916    .text               portevent.o
    0x08005b28   0x08005b28   0x00000080   Code   RO          931    .text               portserial.o
    0x08005ba8   0x08005ba8   0x0000003c   Code   RO          946    .text               porttimer.o
    0x08005be4   0x08005be4   0x00000320   Code   RO          961    .text               user_mb_app.o
    0x08005f04   0x08005f04   0x00000024   Code   RO          983    .text               mc_w.l(memcpya.o)
    0x08005f28   0x08005f28   0x00000024   Code   RO          985    .text               mc_w.l(memseta.o)
    0x08005f4c   0x08005f4c   0x0000002c   Code   RO         1267    .text               mc_w.l(uidiv.o)
    0x08005f78   0x08005f78   0x00000024   Code   RO         1282    .text               mc_w.l(init.o)
    0x08005f9c   0x08005f9c   0x00000056   Code   RO         1300    .text               mc_w.l(__dczerorl2.o)
    0x08005ff2   0x08005ff2   0x00000002   PAD
    0x08005ff4   0x08005ff4   0x00000020   Code   RO         1078    i.__0printf$3       mc_w.l(printf3.o)
    0x08006014   0x08006014   0x0000000e   Code   RO         1294    i.__scatterload_copy  mc_w.l(handlers.o)
    0x08006022   0x08006022   0x00000002   Code   RO         1295    i.__scatterload_null  mc_w.l(handlers.o)
    0x08006024   0x08006024   0x0000000e   Code   RO         1296    i.__scatterload_zeroinit  mc_w.l(handlers.o)
    0x08006032   0x08006032   0x00000002   PAD
    0x08006034   0x08006034   0x000001b8   Code   RO         1085    i._printf_core      mc_w.l(printf3.o)
    0x080061ec   0x080061ec   0x00000200   Data   RO          847    .constdata          mbcrc.o
    0x080063ec   0x080063ec   0x00000020   Data   RO         1292    Region$$Table       anon$$obj.o


    Execution Region RW_IRAM1 (Exec base: 0x20000000, Load base: 0x0800640c, Size: 0x00009bb0, Max: 0x00010000, ABSOLUTE, COMPRESSED[0x0000005c])

    Exec Addr    Load Addr    Size         Type   Attr      Idx    E Section Name        Object

    0x20000000   COMPRESSED   0x00000014   Data   RW           25    .data               system_stm32f10x.o
    0x20000014   COMPRESSED   0x00000014   Data   RW          318    .data               stm32f10x_rcc.o
    0x20000028   COMPRESSED   0x0000000c   Data   RW          404    .data               main.o
    0x20000034   COMPRESSED   0x00000009   Data   RW          500    .data               stm32f10x_it.o
    0x2000003d   COMPRESSED   0x00000003   PAD
    0x20000040   COMPRESSED   0x0000003c   Data   RW          676    .data               tasks.o
    0x2000007c   COMPRESSED   0x00000014   Data   RW          707    .data               timers.o
    0x20000090   COMPRESSED   0x00000018   Data   RW          722    .data               heap_4.o
    0x200000a8   COMPRESSED   0x0000000c   Data   RW          737    .data               port.o
    0x200000b4   COMPRESSED   0x00000002   Data   RW          821    .data               mbfuncother.o
    0x200000b6   COMPRESSED   0x00000002   PAD
    0x200000b8   COMPRESSED   0x00000010   Data   RW          862    .data               mbrtu.o
    0x200000c8   COMPRESSED   0x000000b5   Data   RW          883    .data               mb.o
    0x2000017d   COMPRESSED   0x00000003   PAD
    0x20000180   COMPRESSED   0x00000005   Data   RW          917    .data               portevent.o
    0x20000185   COMPRESSED   0x00000001   PAD
    0x20000186   COMPRESSED   0x00000004   Data   RW          947    .data               porttimer.o
    0x2000018a   COMPRESSED   0x00000012   Data   RW          963    .data               user_mb_app.o
    0x2000019c   COMPRESSED   0x00000004   Data   RW         1266    .data               mc_w.l(stdout.o)
    0x200001a0        -       0x00000050   Zero   RW          657    .bss                queue.o
    0x200001f0        -       0x000002e4   Zero   RW          675    .bss                tasks.o
    0x200004d4        -       0x00000028   Zero   RW          706    .bss                timers.o
    0x200004fc        -       0x00009000   Zero   RW          721    .bss                heap_4.o
    0x200094fc        -       0x00000020   Zero   RW          820    .bss                mbfuncother.o
    0x2000951c        -       0x00000100   Zero   RW          861    .bss                mbrtu.o
    0x2000961c        -       0x00000190   Zero   RW          962    .bss                user_mb_app.o
    0x200097ac   COMPRESSED   0x00000004   PAD
    0x200097b0        -       0x00000400   Zero   RW            1    STACK               startup_stm32f10x_hd.o


==============================================================================

Image component sizes


      Code (inc. data)   RO Data    RW Data    ZI Data      Debug   Object Name

        96          6          0          0          0        534   bsp_led.o
       100          6          0          0          0        793   bsp_timbase.o
       748         16          0          0          0       4854   bsp_usart.o
         0          0          0          0          0       4500   core_cm3.o
         0          0          0          0          0       9400   event_groups.o
       672         82          0         24      36864       3284   heap_4.o
       148          0          0          0          0       1874   list.o
       324        138          0         12          0      19687   main.o
       760         84          0        181          0       4353   mb.o
        56          8        512          0          0       1264   mbcrc.o
       430          0          0          0          0       3086   mbfunccoils.o
       172          0          0          0          0       1644   mbfuncdisc.o
       528          0          0          0          0       3945   mbfuncholding.o
       140          0          0          0          0       1599   mbfuncinput.o
       148          8          0          2         32       1873   mbfuncother.o
       372         22          0         16        256       3364   mbrtu.o
       172          0          0          0          0       1966   mbutils.o
       220         22          0          0          0       1821   misc.o
       766         96          0         12          0       7707   port.o
         4          0          0          0          0        559   port_1.o
        84          6          0          5          0       1680   portevent.o
       128         10          0          0          0       2518   portserial.o
        60          8          0          4          0       1149   porttimer.o
      2604         56          0          0         80      12279   queue.o
        36          8        304          0       1024        868   startup_stm32f10x_hd.o
       596          8          0          0          0       4386   stm32f10x_dma.o
       860         38          0          0          0       5753   stm32f10x_gpio.o
       248         38          0          9          0       4744   stm32f10x_it.o
       932         36          0         20          0       8940   stm32f10x_rcc.o
      3610         88          0          0          0      22864   stm32f10x_tim.o
      1032         22          0          0          0       8480   stm32f10x_usart.o
       480         38          0         20          0     260163   system_stm32f10x.o
      5060        344          0         60        740      28148   tasks.o
      1604        116          0         20         40       8884   timers.o
       800         34          0         18        400       3673   user_mb_app.o

    ----------------------------------------------------------------------
     23996       1338        848        412      39440     452636   Object Totals
         0          0         32          0          0          0   (incl. Generated)
         6          0          0          9          4          0   (incl. Padding)

    ----------------------------------------------------------------------

      Code (inc. data)   RO Data    RW Data    ZI Data      Debug   Library Member Name

        86          0          0          0          0          0   __dczerorl2.o
         0          0          0          0          0          0   entry.o
         0          0          0          0          0          0   entry10a.o
         0          0          0          0          0          0   entry11a.o
         4          0          0          0          0          0   entry12b.o
         8          4          0          0          0          0   entry2.o
         4          0          0          0          0          0   entry5.o
         0          0          0          0          0          0   entry7b.o
         0          0          0          0          0          0   entry8b.o
         8          4          0          0          0          0   entry9a.o
        30          0          0          0          0          0   handlers.o
        36          8          0          0          0         68   init.o
        36          0          0          0          0         68   memcpya.o
        36          0          0          0          0        108   memseta.o
       472         14          0          0          0        184   printf3.o
         0          0          0          4          0          0   stdout.o
        44          0          0          0          0         80   uidiv.o

    ----------------------------------------------------------------------
       768         30          0          4          0        508   Library Totals
         4          0          0          0          0          0   (incl. Padding)

    ----------------------------------------------------------------------

      Code (inc. data)   RO Data    RW Data    ZI Data      Debug   Library Name

       764         30          0          4          0        508   mc_w.l

    ----------------------------------------------------------------------
       768         30          0          4          0        508   Library Totals

    ----------------------------------------------------------------------

==============================================================================


      Code (inc. data)   RO Data    RW Data    ZI Data      Debug   

     24764       1368        848        416      39440     450464   Grand Totals
     24764       1368        848         92      39440     450464   ELF Image Totals (compressed)
     24764       1368        848         92          0          0   ROM Totals

==============================================================================

    Total RO  Size (Code + RO Data)                25612 (  25.01kB)
    Total RW  Size (RW Data + ZI Data)             39856 (  38.92kB)
    Total ROM Size (Code + RO Data + RW Data)      25704 (  25.10kB)

==============================================================================

